
R version 4.4.2 (2024-10-31) -- "Pile of Leaves"
Copyright (C) 2024 The R Foundation for Statistical Computing
Platform: x86_64-redhat-linux-gnu

R is free software and comes with ABSOLUTELY NO WARRANTY.
You are welcome to redistribute it under certain conditions.
Type 'license()' or 'licence()' for distribution details.

R is a collaborative project with many contributors.
Type 'contributors()' for more information and
'citation()' on how to cite R or R packages in publications.

Type 'demo()' for some demos, 'help()' for on-line help, or
'help.start()' for an HTML browser interface to help.
Type 'q()' to quit R.

Online License checked out Fri Mar  7 08:37:30 2025
[Previously saved workspace restored]

> # Single-Trait Single-Environment model ----
> # This script fits single-trait single-environment models
> 
> # Clean workspace
> rm(list = objects())  # Removes all objects from the environment.
> 
> # Packages ----
> library(tidyverse) # R packages for data science
── Attaching core tidyverse packages ──────────────────────── tidyverse 2.0.0 ──
✔ dplyr     1.1.4     ✔ readr     2.1.5
✔ forcats   1.0.0     ✔ stringr   1.5.1
✔ ggplot2   3.5.1     ✔ tibble    3.2.1
✔ lubridate 1.9.4     ✔ tidyr     1.3.1
✔ purrr     1.0.2     
── Conflicts ────────────────────────────────────────── tidyverse_conflicts() ──
✖ dplyr::filter() masks stats::filter()
✖ dplyr::lag()    masks stats::lag()
ℹ Use the conflicted package (<http://conflicted.r-lib.org/>) to force all conflicts to become errors
> library(asreml) # ASReml-R package
Loading required package: Matrix

Attaching package: ‘Matrix’

The following objects are masked from ‘package:tidyr’:

    expand, pack, unpack

Loading ASReml-R version 4.2

> source('Functions_MTME.R')  # Load functions
> 
> # Use for HPC only
> setwd('~/MTME_ILWheat/')
> 
> # Load data ----
> ## Pheno & Ginv
> load('Data/ILYT_Pheno-Gmatrix.RData')
> 
> # Fit model 0 ----
> STSE.z.asr0 <- asreml(
+   Pheno_z ~ TraitEnv,
+   random = ~ diag(TraitEnv):vm(Gkeep, Ginv.sparse),
+   residual = ~ dsum(~ ar1(Col):ar1(Row) | TraitEnv),
+   sparse = ~ TraitEnv:Gdrop,
+   data = ILYT_Pheno,
+   na.action = na.method(x = 'include'),
+   maxit = 13,
+   workspace = '16gb')
Warning message:
In asreml(Pheno_z ~ TraitEnv, random = ~diag(TraitEnv):vm(Gkeep,  :
  Log-likelihood not converged
> STSE.z.asr0 <- update(STSE.z.asr0)
> 
> # Update model ----
> STSE.z.asr0 <- update_asreml(STSE.z.asr0, 
+                              max_updates = 10,
+                              save_path = 'Data/STSE.z_diag.RData')
[1] "Model successfully converged!"
> 
> save.image('Data/STSE.z_diag.RData')
> 
> # Fit model 1 ----
> STSE.z.asr1 <- asreml(
+   Pheno_z ~ TraitEnv,
+   random = ~ diag(TraitEnv):vm(Gkeep, Ginv.sparse) +
+     diag(TraitEnv):Gkeep,
+   residual = ~ dsum(~ ar1(Col):ar1(Row) | TraitEnv),
+   sparse = ~ TraitEnv:Gdrop,
+   data = ILYT_Pheno,
+   na.action = na.method(x = 'include'),
+   maxit = 13,
+   workspace = '16gb')
Warning message:
In asreml(Pheno_z ~ TraitEnv, random = ~diag(TraitEnv):vm(Gkeep,  :
  Log-likelihood not converged
> 
> # Update model ----
> STSE.z.asr1 <- update_asreml(STSE.z.asr1, 
+                              max_updates = 10,
+                              save_path = 'Data/STSE.z_diag.RData')
[1] "Update 1"
[1] "Convergence = TRUE"
  Iteration        1        2        3
1    LogLik 13990.14 13990.14 13990.14
[1] "Model successfully converged!"
> 
> save.image('Data/STSE.z_diag.RData')
> 
> # Fit model 2 ----
> STSE.z.asr2 <- asreml(
+   Pheno_z ~ TraitEnv,
+   random = ~ diag(TraitEnv):vm(Gkeep, Ginv.sparse) +
+     diag(TraitEnv):Gkeep +
+     diag(TraitEnv):Block,
+   residual = ~ dsum(~ ar1(Col):ar1(Row) | TraitEnv),
+   sparse = ~ TraitEnv:Gdrop,
+   data = ILYT_Pheno,
+   na.action = na.method(x = 'include'),
+   maxit = 13,
+   workspace = '16gb')
Warning messages:
1: In asreml(Pheno_z ~ TraitEnv, random = ~diag(TraitEnv):vm(Gkeep,  :
  Log-likelihood not converged
2: In asreml(Pheno_z ~ TraitEnv, random = ~diag(TraitEnv):vm(Gkeep,  :
  Some components changed by more than 1% on the last iteration
> 
> # Update model ----
> STSE.z.asr2 <- update_asreml(STSE.z.asr2, 
+                              max_updates = 10,
+                              save_path = 'Data/STSE.z_diag.RData')
[1] "Update 1"
[1] "Convergence = TRUE"
  Iteration        1        2        3        4
1    LogLik 14063.93 14063.93 14063.93 14063.93
[1] "Model successfully converged!"
Warning message:
In asreml(fixed = Pheno_z ~ TraitEnv, random = ~diag(TraitEnv):vm(Gkeep,  :
  Some components changed by more than 1% on the last iteration
> 
> save.image('Data/STSE.z_diag.RData')
> 
> # Fit model 3 ----
> 
> # Create columns for each nlevels(Trait) within Env
> ILYT_PhenoTr <- ILYT_Pheno |>
+   mutate(IDEU = paste(Env,Col,Row,sep = '-'), IDEU = as.factor(IDEU)) |>
+   group_by(Env) |>
+   mutate(nTrait = length(unique(Trait))) |>
+   mutate(Tr2 = ifelse(nTrait==2,as.character(Trait),NA), Tr2 = as.factor(Tr2),
+          Tr3 = ifelse(nTrait==3,as.character(Trait),NA), Tr3 = as.factor(Tr3),
+          Tr4 = ifelse(nTrait==4,as.character(Trait),NA), Tr4 = as.factor(Tr4),
+          Tr5 = ifelse(nTrait==5,as.character(Trait),NA), Tr5 = as.factor(Tr5)) |>
+   ungroup() |>
+   droplevels() |>
+   arrange(IDEU, TraitEnv) |>
+   glimpse()
Rows: 38,792
Columns: 24
$ Pheno      <dbl> 78.59641, 59.26283, 81.92365, 60.64956, 70.60811, 58.16354,…
$ Pheno_SI   <dbl> 5285.68, 762.83, 5509.44, 780.68, 4748.46, 748.68, 5381.87,…
$ Pheno_z    <dbl> -1.09868454, -0.09749654, -0.90053521, 0.32590315, -1.57441…
$ Pheno_std  <dbl> 0.7980023, 0.9930956, 0.8317844, 1.0163337, 0.7168959, 0.97…
$ Pheno_mean <dbl> 6526.3688, 766.9403, 6526.3688, 766.9403, 6526.3688, 766.94…
$ Pheno_sd   <dbl> 1129.24933, 42.15875, 1129.24933, 42.15875, 1129.24933, 42.…
$ TraitEnv   <fct> GY-22-Adv, TW-22-Adv, GY-22-Adv, TW-22-Adv, GY-22-Adv, TW-2…
$ Trait      <fct> GY, TW, GY, TW, GY, TW, GY, TW, GY, TW, GY, TW, GY, TW, GY,…
$ Env        <fct> 22-Adv, 22-Adv, 22-Adv, 22-Adv, 22-Adv, 22-Adv, 22-Adv, 22-…
$ Year       <fct> 2022, 2022, 2022, 2022, 2022, 2022, 2022, 2022, 2022, 2022,…
$ Loc        <fct> "Addieville, IL", "Addieville, IL", "Addieville, IL", "Addi…
$ Block      <fct> 1, 1, 2, 2, 1, 1, 2, 2, 1, 1, 2, 2, 1, 1, 2, 2, 1, 1, 2, 2,…
$ Col        <fct> 1, 1, 1, 1, 1, 1, 1, 1, 1, 1, 1, 1, 1, 1, 1, 1, 1, 1, 1, 1,…
$ Row        <fct> 1, 1, 10, 10, 11, 11, 12, 12, 13, 13, 14, 14, 15, 15, 16, 1…
$ Plot       <fct> 1, 1, 10, 10, 11, 11, 12, 12, 13, 13, 14, 14, 15, 15, 16, 1…
$ IDEU       <fct> 22-Adv-1-1, 22-Adv-1-1, 22-Adv-1-10, 22-Adv-1-10, 22-Adv-1-…
$ Gen        <fct> 2020-5361, 2020-5361, 19-25245, 19-25245, 2020-13223, 2020-…
$ Gkeep      <fct> 2020-5361, 2020-5361, 19-25245, 19-25245, 2020-13223, 2020-…
$ Gdrop      <fct> NA, NA, NA, NA, NA, NA, NA, NA, NA, NA, NA, NA, NA, NA, NA,…
$ nTrait     <int> 2, 2, 2, 2, 2, 2, 2, 2, 2, 2, 2, 2, 2, 2, 2, 2, 2, 2, 2, 2,…
$ Tr2        <fct> GY, TW, GY, TW, GY, TW, GY, TW, GY, TW, GY, TW, GY, TW, GY,…
$ Tr3        <fct> NA, NA, NA, NA, NA, NA, NA, NA, NA, NA, NA, NA, NA, NA, NA,…
$ Tr4        <fct> NA, NA, NA, NA, NA, NA, NA, NA, NA, NA, NA, NA, NA, NA, NA,…
$ Tr5        <fct> NA, NA, NA, NA, NA, NA, NA, NA, NA, NA, NA, NA, NA, NA, NA,…
> 
> # Create vectors with the Env included in each of the Tr2:Tr5 columns
> tr2 <- ILYT_PhenoTr |> filter(!is.na(Tr2)) |> droplevels() |> group_by(Env) |>
+   summarise(Env = unique(Env)) |> pull(Env); tr2
[1] 22-Adv 22-Stp 23-Adv 24-Adv 24-Stp
Levels: 22-Adv 22-Stp 23-Adv 24-Adv 24-Stp
> tr3 <- ILYT_PhenoTr |> filter(!is.na(Tr3)) |> droplevels() |> group_by(Env) |>
+   summarise(Env = unique(Env)) |> pull(Env); tr3
[1] 23-Stp
Levels: 23-Stp
> tr4 <- ILYT_PhenoTr |> filter(!is.na(Tr4)) |> droplevels() |> group_by(Env) |>
+   summarise(Env = unique(Env)) |> pull(Env); tr4
[1] 22-Neo 22-Urb 23-Neo 24-Neo
Levels: 22-Neo 22-Urb 23-Neo 24-Neo
> tr5 <- ILYT_PhenoTr |> filter(!is.na(Tr5)) |> droplevels() |> group_by(Env) |>
+   summarise(Env = unique(Env)) |> pull(Env); tr5
[1] 23-Urb 24-Urb
Levels: 23-Urb 24-Urb
> 
> STSE.z.asr3 <- asreml(
+   Pheno_z ~ TraitEnv,
+   random = ~ diag(TraitEnv):vm(Gkeep, Ginv.sparse) +
+     diag(TraitEnv):Gkeep +
+     diag(TraitEnv):Block +
+     at(TraitEnv):ar1v(Col):ar1(Row),
+   residual = ~ dsum(~ IDEU:corgh(Tr2) | Env, levels = tr2) +
+     dsum(~ IDEU:corgh(Tr3) | Env, levels = tr3) +
+     dsum(~ IDEU:corgh(Tr4) | Env, levels = tr4) +
+     dsum(~ IDEU:corgh(Tr5) | Env, levels = tr5),
+   sparse = ~ TraitEnv:Gdrop,
+   data = ILYT_PhenoTr,
+   na.action = na.method(x = 'include'),
+   maxit = 13,
+   workspace = '16gb')
Notice  : There is no Variance: Job may fail.
Notice  : There is no Variance: Job may fail.
Notice  : There is no Variance: Job may fail.
Notice  : There is no Variance: Job may fail.
Warning messages:
1: In asreml(Pheno_z ~ TraitEnv, random = ~diag(TraitEnv):vm(Gkeep,  :
  Warning : Log-likelihood decreased to 11313.7; trying with reduced updates 0.493807
2: In asreml(Pheno_z ~ TraitEnv, random = ~diag(TraitEnv):vm(Gkeep,  :
  Log-likelihood not converged
3: In asreml(Pheno_z ~ TraitEnv, random = ~diag(TraitEnv):vm(Gkeep,  :
  Some components changed by more than 1% on the last iteration
> 
> # Update model ----
> STSE.z.asr3 <- update_asreml(STSE.z.asr3, 
+                              max_updates = 10,
+                              save_path = 'Data/STSE.z_diag.RData')
Notice  : There is no Variance: Job may fail.
Notice  : There is no Variance: Job may fail.
Notice  : There is no Variance: Job may fail.
Notice  : There is no Variance: Job may fail.
Notice  : There is no Variance: Job may fail.
Notice  : There is no Variance: Job may fail.
Notice  : There is no Variance: Job may fail.
Notice  : There is no Variance: Job may fail.
Notice  : There is no Variance: Job may fail.
Notice  : There is no Variance: Job may fail.
[1] "Update 1"
[1] "Convergence = FALSE"
  Iteration        1        2        3        4        5        6        7
1    LogLik 15842.91 15850.33 15854.58 15849.58 15841.07 15840.99 15844.31
        8        9       10       11       12       13       14
1 15848.5 15850.15 15851.09 15851.48 15851.79 15851.97 15851.97
Notice  : There is no Variance: Job may fail.
Notice  : There is no Variance: Job may fail.
Notice  : There is no Variance: Job may fail.
Notice  : There is no Variance: Job may fail.
Notice  : There is no Variance: Job may fail.
Notice  : There is no Variance: Job may fail.
Notice  : There is no Variance: Job may fail.
Notice  : There is no Variance: Job may fail.
Notice  : There is no Variance: Job may fail.
Notice  : There is no Variance: Job may fail.
Notice  : There is no Variance: Job may fail.
Notice  : There is no Variance: Job may fail.
Notice  : There is no Variance: Job may fail.
[1] "Update 2"
[1] "Convergence = FALSE"
  Iteration        1        2        3        4        5        6        7
1    LogLik 15856.72 15856.31 15856.64 15856.69 15856.69 15856.64 15856.37
         8        9       10      11      12       13       14
1 15857.95 15852.39 15852.39 15852.4 15852.4 15852.41 15852.41
Notice  : There is no Variance: Job may fail.
Notice  : There is no Variance: Job may fail.
Notice  : There is no Variance: Job may fail.
Notice  : There is no Variance: Job may fail.
Notice  : There is no Variance: Job may fail.
Notice  : There is no Variance: Job may fail.
Notice  : There is no Variance: Job may fail.
Notice  : There is no Variance: Job may fail.
Notice  : There is no Variance: Job may fail.
Notice  : There is no Variance: Job may fail.
Notice  : There is no Variance: Job may fail.
Notice  : There is no Variance: Job may fail.
Notice  : There is no Variance: Job may fail.
[1] "Update 3"
[1] "Convergence = FALSE"
  Iteration        1        2        3        4        5        6        7
1    LogLik 15856.53 15856.43 15856.87 15857.68 15856.47 15856.38 15857.26
         8        9       10       11       12       13       14
1 15856.22 15856.84 15856.91 15856.26 15856.75 15857.57 15857.57
Notice  : There is no Variance: Job may fail.
Notice  : There is no Variance: Job may fail.
Notice  : There is no Variance: Job may fail.
Notice  : There is no Variance: Job may fail.
Notice  : There is no Variance: Job may fail.
Notice  : There is no Variance: Job may fail.
Notice  : There is no Variance: Job may fail.
Notice  : There is no Variance: Job may fail.
Notice  : There is no Variance: Job may fail.
Notice  : There is no Variance: Job may fail.
Notice  : There is no Variance: Job may fail.
Notice  : There is no Variance: Job may fail.
Notice  : There is no Variance: Job may fail.
[1] "Update 4"
[1] "Convergence = FALSE"
  Iteration        1        2       3        4        5        6        7
1    LogLik 15857.49 15856.65 15856.5 15856.39 15857.99 15856.86 15856.75
         8        9       10       11       12       13       14
1 15857.66 15856.83 15857.23 15858.24 15857.09 15856.61 15856.61
Notice  : There is no Variance: Job may fail.
Notice  : There is no Variance: Job may fail.
Notice  : There is no Variance: Job may fail.
Notice  : There is no Variance: Job may fail.
Notice  : There is no Variance: Job may fail.
Notice  : There is no Variance: Job may fail.
Notice  : There is no Variance: Job may fail.
Notice  : There is no Variance: Job may fail.
Notice  : There is no Variance: Job may fail.
Notice  : There is no Variance: Job may fail.
Notice  : There is no Variance: Job may fail.
Notice  : There is no Variance: Job may fail.
Notice  : There is no Variance: Job may fail.
[1] "Update 5"
[1] "Convergence = FALSE"
  Iteration        1        2        3        4       5     6        7        8
1    LogLik 15856.92 15856.53 15858.36 15856.41 15857.1 15856 15856.88 15856.35
        9       10       11       12      13      14
1 15856.8 15857.75 15856.26 15856.38 15856.6 15856.6
Notice  : There is no Variance: Job may fail.
Notice  : There is no Variance: Job may fail.
Notice  : There is no Variance: Job may fail.
Notice  : There is no Variance: Job may fail.
Notice  : There is no Variance: Job may fail.
Notice  : There is no Variance: Job may fail.
Notice  : There is no Variance: Job may fail.
Notice  : There is no Variance: Job may fail.
Notice  : There is no Variance: Job may fail.
Notice  : There is no Variance: Job may fail.
Notice  : There is no Variance: Job may fail.
Notice  : There is no Variance: Job may fail.
Notice  : There is no Variance: Job may fail.
[1] "Update 6"
[1] "Convergence = FALSE"
  Iteration        1        2        3        4        5        6        7
1    LogLik 15856.54 15856.24 15856.46 15856.51 15856.73 15856.53 15857.79
        8        9       10       11       12       13       14
1 15857.1 15856.51 15857.08 15857.45 15857.04 15856.39 15856.39
Notice  : There is no Variance: Job may fail.
Notice  : There is no Variance: Job may fail.
Notice  : There is no Variance: Job may fail.
Notice  : There is no Variance: Job may fail.
Notice  : There is no Variance: Job may fail.
Notice  : There is no Variance: Job may fail.
Notice  : There is no Variance: Job may fail.
Notice  : There is no Variance: Job may fail.
Notice  : There is no Variance: Job may fail.
Notice  : There is no Variance: Job may fail.
Notice  : There is no Variance: Job may fail.
Notice  : There is no Variance: Job may fail.
[1] "Update 7"
[1] "Convergence = TRUE"
  Iteration        1        2        3       4        5        6        7
1    LogLik 15856.65 15856.44 15856.79 15856.6 15856.48 15856.84 15856.44
         8        9       10       11       12       13
1 15858.08 15856.97 15857.37 15856.93 15856.92 15856.92
[1] "Model successfully converged!"
Warning messages:
1: In asreml(fixed = Pheno_z ~ TraitEnv, random = ~diag(TraitEnv):vm(Gkeep,  :
  Log-likelihood not converged
2: In asreml(fixed = Pheno_z ~ TraitEnv, random = ~diag(TraitEnv):vm(Gkeep,  :
  Some components changed by more than 1% on the last iteration
3: In asreml(fixed = Pheno_z ~ TraitEnv, random = ~diag(TraitEnv):vm(Gkeep,  :
  Warning : 476 more singularities detected in the design. Reset tol if the new df are correct.
4: In asreml(fixed = Pheno_z ~ TraitEnv, random = ~diag(TraitEnv):vm(Gkeep,  :
  Log-likelihood not converged
5: In asreml(fixed = Pheno_z ~ TraitEnv, random = ~diag(TraitEnv):vm(Gkeep,  :
  Some components changed by more than 1% on the last iteration
6: In asreml(fixed = Pheno_z ~ TraitEnv, random = ~diag(TraitEnv):vm(Gkeep,  :
  Log-likelihood not converged
7: In asreml(fixed = Pheno_z ~ TraitEnv, random = ~diag(TraitEnv):vm(Gkeep,  :
  Log-likelihood not converged
8: In asreml(fixed = Pheno_z ~ TraitEnv, random = ~diag(TraitEnv):vm(Gkeep,  :
  Log-likelihood not converged
9: In asreml(fixed = Pheno_z ~ TraitEnv, random = ~diag(TraitEnv):vm(Gkeep,  :
  Log-likelihood not converged
> 
> save.image('Data/STSE.z_diag.RData')
> # End ----
> 
> proc.time()
      user     system    elapsed 
116903.522   7578.514  28774.892 
