
R version 4.4.2 (2024-10-31) -- "Pile of Leaves"
Copyright (C) 2024 The R Foundation for Statistical Computing
Platform: x86_64-redhat-linux-gnu

R is free software and comes with ABSOLUTELY NO WARRANTY.
You are welcome to redistribute it under certain conditions.
Type 'license()' or 'licence()' for distribution details.

R is a collaborative project with many contributors.
Type 'contributors()' for more information and
'citation()' on how to cite R or R packages in publications.

Type 'demo()' for some demos, 'help()' for on-line help, or
'help.start()' for an HTML browser interface to help.
Type 'q()' to quit R.

Online License checked out Wed Feb 26 09:23:40 2025
[Previously saved workspace restored]

> # Single-Trait Multi-TraitEnvironment models ----
> # This script fits Single-Trait Multi-TraitEnvironment models
> 
> # Clean workspace
> rm(list = objects())  # Removes all objects from the TraitEnvironment.
> 
> # Packages ----
> library(tidyverse) # R packages for data science.
── Attaching core tidyverse packages ──────────────────────── tidyverse 2.0.0 ──
✔ dplyr     1.1.4     ✔ readr     2.1.5
✔ forcats   1.0.0     ✔ stringr   1.5.1
✔ ggplot2   3.5.1     ✔ tibble    3.2.1
✔ lubridate 1.9.4     ✔ tidyr     1.3.1
✔ purrr     1.0.2     
── Conflicts ────────────────────────────────────────── tidyverse_conflicts() ──
✖ dplyr::filter() masks stats::filter()
✖ dplyr::lag()    masks stats::lag()
ℹ Use the conflicted package (<http://conflicted.r-lib.org/>) to force all conflicts to become errors
> library(asreml) # ASReml-R package.
Loading required package: Matrix

Attaching package: ‘Matrix’

The following objects are masked from ‘package:tidyr’:

    expand, pack, unpack

Loading ASReml-R version 4.2

> source("Functions_MTME.R")  # Load functions
> 
> # Use for HPC only
> setwd('~/MTME_ILWheat/')
> 
> # Load data ----
> ## Pheno & Ginv
> load('Data/ILYT_Pheno-Gmatrix.RData')
> 
> # Fit models ----
> 
> ## GY ----
> ### rr1----
> # Run model
> GY_STME.z_rr1ap.asr <- asreml(
+   Pheno_z ~ TraitEnv,
+   random = ~ rr(TraitEnv,1):vm(Gkeep, Ginv.sparse) + diag(TraitEnv):vm(Gkeep, Ginv.sparse) +
+     diag(TraitEnv):Gkeep +
+     diag(TraitEnv):Block,
+   residual = ~ dsum(~ ar1(Col):ar1(Row) | TraitEnv),
+   sparse = ~ TraitEnv:Gdrop,
+   data = ILYT_Pheno |> filter(Trait == 'GY') |> droplevels(),
+   na.action = na.method(x = 'include'),
+   maxit = 13,
+   workspace = '16gb'
+ )
Warning message:
In asreml(Pheno_z ~ TraitEnv, random = ~rr(TraitEnv, 1):vm(Gkeep,  :
  Log-likelihood not converged
> # Print model info
> print('GY_STME.z_rr1')
[1] "GY_STME.z_rr1"
> print(paste('convergence =',GY_STME.z_rr1ap.asr$converge))
[1] "convergence = FALSE"
> GY_STME.z_rr1ap.asr$trace |> as.data.frame() |> rownames_to_column('Iteration') |>
+   filter(Iteration=='LogLik') |> print()
  Iteration        1        2        3        4        5        6        7
1    LogLik 1447.259 2357.387 3045.268 3341.403 3445.528 3490.027 3498.891
         8        9       10       11      12       13       14
1 3500.441 3500.721 3500.776 3500.788 3500.79 3500.791 3500.791
> 
> # Update model
> GY_STME.z_rr1ap.asr <- update_asreml(GY_STME.z_rr1ap.asr, 
+                                      max_updates = 10,
+                                      save_path = "Data/STME.z_rr.ap.RData")
[1] "Update 1"
[1] "Convergence = TRUE"
  Iteration        1        2        3
1    LogLik 3500.791 3500.791 3500.791
[1] "Model successfully converged!"
> 
> save.image('Data/STME.z_rr.ap.RData')
> 
> ### rr2----
> # Run model
> GY_STME.z_rr2ap.asr <- asreml(
+   Pheno_z ~ TraitEnv,
+   random = ~ rr(TraitEnv,2):vm(Gkeep, Ginv.sparse) + diag(TraitEnv):vm(Gkeep, Ginv.sparse) +
+     diag(TraitEnv):Gkeep +
+     diag(TraitEnv):Block,
+   residual = ~ dsum(~ ar1(Col):ar1(Row) | TraitEnv),
+   sparse = ~ TraitEnv:Gdrop,
+   data = ILYT_Pheno |> filter(Trait == 'GY') |> droplevels(),
+   na.action = na.method(x = 'include'),
+   maxit = 13,
+   workspace = '16gb'
+ )
Warning messages:
1: In asreml(Pheno_z ~ TraitEnv, random = ~rr(TraitEnv, 2):vm(Gkeep,  :
  Log-likelihood not converged
2: In asreml(Pheno_z ~ TraitEnv, random = ~rr(TraitEnv, 2):vm(Gkeep,  :
  Some components changed by more than 1% on the last iteration
> # Print model info
> print('GY_STME.z_rr2')
[1] "GY_STME.z_rr2"
> print(paste('convergence =',GY_STME.z_rr2ap.asr$converge))
[1] "convergence = FALSE"
> GY_STME.z_rr2ap.asr$trace |> as.data.frame() |> rownames_to_column('Iteration') |>
+   filter(Iteration=='LogLik') |> print()
  Iteration        1        2        3        4        5       6        7
1    LogLik 1380.162 2484.245 3191.101 3467.732 3563.732 3598.63 3613.459
         8        9       10       11       12       13       14
1 3616.478 3617.171 3617.402 3617.519 3617.599 3617.654 3617.654
> 
> # Update model
> GY_STME.z_rr2ap.asr <- update_asreml(GY_STME.z_rr2ap.asr, 
+                                      max_updates = 10,
+                                      save_path = "Data/STME.z_rr.ap.RData")
[1] "Update 1"
[1] "Convergence = TRUE"
  Iteration        1        2        3        4        5        6        7
1    LogLik 3617.684 3617.686 3617.693 3617.699 3617.702 3617.703 3617.704
         8
1 3617.704
[1] "Model successfully converged!"
Warning message:
In asreml(fixed = Pheno_z ~ TraitEnv, random = ~rr(TraitEnv, 2):vm(Gkeep,  :
  Some components changed by more than 1% on the last iteration
> 
> save.image('Data/STME.z_rr.ap.RData')
> 
> ### rr3----
> # Run model
> GY_STME.z_rr3ap.asr <- asreml(
+   Pheno_z ~ TraitEnv,
+   random = ~ rr(TraitEnv,3):vm(Gkeep, Ginv.sparse) + diag(TraitEnv):vm(Gkeep, Ginv.sparse) +
+     diag(TraitEnv):Gkeep +
+     diag(TraitEnv):Block,
+   residual = ~ dsum(~ ar1(Col):ar1(Row) | TraitEnv),
+   sparse = ~ TraitEnv:Gdrop,
+   data = ILYT_Pheno |> filter(Trait == 'GY') |> droplevels(),
+   na.action = na.method(x = 'include'),
+   maxit = 13,
+   workspace = '20gb'
+ )
Warning messages:
1: In asreml(Pheno_z ~ TraitEnv, random = ~rr(TraitEnv, 3):vm(Gkeep,  :
  Log-likelihood not converged
2: In asreml(Pheno_z ~ TraitEnv, random = ~rr(TraitEnv, 3):vm(Gkeep,  :
  Some components changed by more than 1% on the last iteration
> # Print model info
> print('GY_STME.z_rr3')
[1] "GY_STME.z_rr3"
> print(paste('convergence =',GY_STME.z_rr3ap.asr$converge))
[1] "convergence = FALSE"
> GY_STME.z_rr3ap.asr$trace |> as.data.frame() |> rownames_to_column('Iteration') |>
+   filter(Iteration=='LogLik') |> print()
  Iteration        1       2        3        4        5        6        7
1    LogLik 1258.141 2508.93 3227.567 3499.754 3590.172 3622.213 3633.456
         8        9       10       11       12       13       14
1 3638.039 3639.414 3640.302 3641.178 3641.892 3642.268 3642.268
> 
> # Update model
> GY_STME.z_rr3ap.asr <- update_asreml(GY_STME.z_rr3ap.asr, 
+                                      max_updates = 10,
+                                      save_path = "Data/STME.z_rr.ap.RData")
[1] "Update 1"
[1] "Convergence = FALSE"
  Iteration        1        2       3        4        5        6        7
1    LogLik 3642.512 3642.559 3642.71 3642.838 3642.938 3643.015 3643.074
         8        9       10       11       12       13       14
1 3643.121 3643.159 3643.189 3643.215 3643.236 3643.254 3643.254
[1] "Update 2"
[1] "Convergence = TRUE"
  Iteration       1        2        3        4        5        6       7
1    LogLik 3643.27 3643.274 3643.286 3643.296 3643.305 3643.313 3643.32
         8        9       10      11      12
1 3643.326 3643.331 3643.336 3643.34 3643.34
[1] "Model successfully converged!"
Warning messages:
1: In asreml(fixed = Pheno_z ~ TraitEnv, random = ~rr(TraitEnv, 3):vm(Gkeep,  :
  Log-likelihood not converged
2: In asreml(fixed = Pheno_z ~ TraitEnv, random = ~rr(TraitEnv, 3):vm(Gkeep,  :
  Some components changed by more than 1% on the last iteration
3: In asreml(fixed = Pheno_z ~ TraitEnv, random = ~rr(TraitEnv, 3):vm(Gkeep,  :
  Some components changed by more than 1% on the last iteration
> 
> save.image('Data/STME.z_rr.ap.RData')
> 
> ## TW ----
> ### rr1----
> # Run model
> TW_STME.z_rr1ap.asr <- asreml(
+   Pheno_z ~ TraitEnv,
+   random = ~ rr(TraitEnv,1):vm(Gkeep, Ginv.sparse) + diag(TraitEnv):vm(Gkeep, Ginv.sparse) +
+     diag(TraitEnv):Gkeep +
+     diag(TraitEnv):Block,
+   residual = ~ dsum(~ ar1(Col):ar1(Row) | TraitEnv),
+   sparse = ~ TraitEnv:Gdrop,
+   data = ILYT_Pheno |> filter(Trait == 'TW') |> droplevels(),
+   na.action = na.method(x = 'include'),
+   maxit = 13,
+   workspace = '16gb'
+ )
Warning message:
In asreml(Pheno_z ~ TraitEnv, random = ~rr(TraitEnv, 1):vm(Gkeep,  :
  Log-likelihood not converged
> # Print model info
> print('TW_STME.z_rr1')
[1] "TW_STME.z_rr1"
> print(paste('convergence =',TW_STME.z_rr1ap.asr$converge))
[1] "convergence = FALSE"
> TW_STME.z_rr1ap.asr$trace |> as.data.frame() |> rownames_to_column('Iteration') |>
+   filter(Iteration=='LogLik') |> print()
  Iteration        1        2       3        4        5        6        7
1    LogLik 4540.936 5965.442 6419.11 6618.783 6693.164 6708.774 6712.663
         8        9       10       11       12       13       14
1 6713.766 6714.098 6714.202 6714.235 6714.247 6714.251 6714.251
> 
> # Update model
> TW_STME.z_rr1ap.asr <- update_asreml(TW_STME.z_rr1ap.asr, 
+                                      max_updates = 10,
+                                      save_path = "Data/STME.z_rr.ap.RData")
[1] "Update 1"
[1] "Convergence = TRUE"
  Iteration        1        2        3
1    LogLik 6714.252 6714.252 6714.252
[1] "Model successfully converged!"
> 
> save.image('Data/STME.z_rr.ap.RData')
> 
> ### rr2----
> # Run model
> TW_STME.z_rr2ap.asr <- asreml(
+   Pheno_z ~ TraitEnv,
+   random = ~ rr(TraitEnv,2):vm(Gkeep, Ginv.sparse) + diag(TraitEnv):vm(Gkeep, Ginv.sparse) +
+     diag(TraitEnv):Gkeep +
+     diag(TraitEnv):Block,
+   residual = ~ dsum(~ ar1(Col):ar1(Row) | TraitEnv),
+   sparse = ~ TraitEnv:Gdrop,
+   data = ILYT_Pheno |> filter(Trait == 'TW') |> droplevels(),
+   na.action = na.method(x = 'include'),
+   maxit = 13,
+   workspace = '16gb'
+ )
Warning messages:
1: In asreml(Pheno_z ~ TraitEnv, random = ~rr(TraitEnv, 2):vm(Gkeep,  :
  Log-likelihood not converged
2: In asreml(Pheno_z ~ TraitEnv, random = ~rr(TraitEnv, 2):vm(Gkeep,  :
  Some components changed by more than 1% on the last iteration
> # Print model info
> print('TW_STME.z_rr2')
[1] "TW_STME.z_rr2"
> print(paste('convergence =',TW_STME.z_rr2ap.asr$converge))
[1] "convergence = FALSE"
> TW_STME.z_rr2ap.asr$trace |> as.data.frame() |> rownames_to_column('Iteration') |>
+   filter(Iteration=='LogLik') |> print()
  Iteration       1        2        3        4        5        6        7
1    LogLik 4293.05 6090.372 6396.236 6644.868 6752.663 6787.127 6804.937
         8        9       10       11       12       13       14
1 6812.704 6817.367 6820.799 6822.989 6824.286 6825.028 6825.028
> 
> # Update model
> TW_STME.z_rr2ap.asr <- update_asreml(TW_STME.z_rr2ap.asr, 
+                                      max_updates = 10,
+                                      save_path = "Data/STME.z_rr.ap.RData")
[1] "Update 1"
[1] "Convergence = TRUE"
  Iteration        1        2       3        4        5        6       7
1    LogLik 6825.416 6825.471 6825.56 6825.673 6825.734 6825.765 6825.78
         8        9       10
1 6825.788 6825.792 6825.792
[1] "Model successfully converged!"
Warning message:
In asreml(fixed = Pheno_z ~ TraitEnv, random = ~rr(TraitEnv, 2):vm(Gkeep,  :
  Some components changed by more than 1% on the last iteration
> 
> save.image('Data/STME.z_rr.ap.RData')
> 
> ### rr3----
> # Run model
> TW_STME.z_rr3ap.asr <- asreml(
+   Pheno_z ~ TraitEnv,
+   random = ~ rr(TraitEnv,3):vm(Gkeep, Ginv.sparse) + diag(TraitEnv):vm(Gkeep, Ginv.sparse) +
+     diag(TraitEnv):Gkeep +
+     diag(TraitEnv):Block,
+   residual = ~ dsum(~ ar1(Col):ar1(Row) | TraitEnv),
+   sparse = ~ TraitEnv:Gdrop,
+   data = ILYT_Pheno |> filter(Trait == 'TW') |> droplevels(),
+   na.action = na.method(x = 'include'),
+   maxit = 13,
+   workspace = '20gb'
+ )
Warning messages:
1: In asreml(Pheno_z ~ TraitEnv, random = ~rr(TraitEnv, 3):vm(Gkeep,  :
  Log-likelihood not converged
2: In asreml(Pheno_z ~ TraitEnv, random = ~rr(TraitEnv, 3):vm(Gkeep,  :
  Some components changed by more than 1% on the last iteration
> # Print model info
> print('TW_STME.z_rr3')
[1] "TW_STME.z_rr3"
> print(paste('convergence =',TW_STME.z_rr3ap.asr$converge))
[1] "convergence = FALSE"
> TW_STME.z_rr3ap.asr$trace |> as.data.frame() |> rownames_to_column('Iteration') |>
+   filter(Iteration=='LogLik') |> print()
  Iteration        1        2        3        4        5        6       7
1    LogLik 3952.176 6177.815 6459.733 6699.162 6810.907 6847.267 6865.01
         8       9       10       11       12       13       14
1 6871.811 6874.26 6875.358 6876.163 6876.672 6876.953 6876.953
> 
> # Update model
> TW_STME.z_rr3ap.asr <- update_asreml(TW_STME.z_rr3ap.asr, 
+                                      max_updates = 10,
+                                      save_path = "Data/STME.z_rr.ap.RData")
[1] "Update 1"
[1] "Convergence = TRUE"
  Iteration        1        2        3        4        5        6        7
1    LogLik 6877.103 6877.114 6877.149 6877.174 6877.188 6877.196 6877.199
       8      9
1 6877.2 6877.2
[1] "Model successfully converged!"
Warning message:
In asreml(fixed = Pheno_z ~ TraitEnv, random = ~rr(TraitEnv, 3):vm(Gkeep,  :
  Some components changed by more than 1% on the last iteration
> 
> save.image('Data/STME.z_rr.ap.RData')
> 
> ## HD ----
> ### rr1----
> # Run model
> HD_STME.z_rr1ap.asr <- asreml(
+   Pheno_z ~ TraitEnv,
+   random = ~ rr(TraitEnv,1):vm(Gkeep, Ginv.sparse) + diag(TraitEnv):vm(Gkeep, Ginv.sparse) +
+     diag(TraitEnv):Gkeep +
+     diag(TraitEnv):Block,
+   residual = ~ dsum(~ ar1(Col):ar1(Row) | TraitEnv),
+   sparse = ~ TraitEnv:Gdrop,
+   data = ILYT_Pheno |> filter(Trait == 'HD') |> droplevels(),
+   na.action = na.method(x = 'include'),
+   maxit = 13,
+   workspace = '16gb'
+ )
Warning message:
In asreml(Pheno_z ~ TraitEnv, random = ~rr(TraitEnv, 1):vm(Gkeep,  :
  Log-likelihood not converged
> # Print model info
> print('HD_STME.z_rr1')
[1] "HD_STME.z_rr1"
> print(paste('convergence =',HD_STME.z_rr1ap.asr$converge))
[1] "convergence = FALSE"
> HD_STME.z_rr1ap.asr$trace |> as.data.frame() |> rownames_to_column('Iteration') |>
+   filter(Iteration=='LogLik') |> print()
  Iteration        1        2        3       4        5        6        7
1    LogLik 5042.469 7051.535 7407.236 7560.86 7605.127 7612.121 7613.568
         8        9       10       11       12       13       14
1 7613.923 7614.013 7614.035 7614.041 7614.043 7614.043 7614.043
> 
> # Update model
> HD_STME.z_rr1ap.asr <- update_asreml(HD_STME.z_rr1ap.asr, 
+                                      max_updates = 10,
+                                      save_path = "Data/STME.z_rr.ap.RData")
[1] "Update 1"
[1] "Convergence = TRUE"
  Iteration        1        2        3
1    LogLik 7614.043 7614.043 7614.043
[1] "Model successfully converged!"
> 
> save.image('Data/STME.z_rr.ap.RData')
> 
> ### rr2----
> # Run model
> HD_STME.z_rr2ap.asr <- asreml(
+   Pheno_z ~ TraitEnv,
+   random = ~ rr(TraitEnv,2):vm(Gkeep, Ginv.sparse) + diag(TraitEnv):vm(Gkeep, Ginv.sparse) +
+     diag(TraitEnv):Gkeep +
+     diag(TraitEnv):Block,
+   residual = ~ dsum(~ ar1(Col):ar1(Row) | TraitEnv),
+   sparse = ~ TraitEnv:Gdrop,
+   data = ILYT_Pheno |> filter(Trait == 'HD') |> droplevels(),
+   na.action = na.method(x = 'include'),
+   maxit = 13,
+   workspace = '16gb'
+ )
Warning messages:
1: In asreml(Pheno_z ~ TraitEnv, random = ~rr(TraitEnv, 2):vm(Gkeep,  :
  Log-likelihood not converged
2: In asreml(Pheno_z ~ TraitEnv, random = ~rr(TraitEnv, 2):vm(Gkeep,  :
  Some components changed by more than 1% on the last iteration
> # Print model info
> print('HD_STME.z_rr2')
[1] "HD_STME.z_rr2"
> print(paste('convergence =',HD_STME.z_rr2ap.asr$converge))
[1] "convergence = FALSE"
> HD_STME.z_rr2ap.asr$trace |> as.data.frame() |> rownames_to_column('Iteration') |>
+   filter(Iteration=='LogLik') |> print()
  Iteration        1      2       3        4       5        6        7       8
1    LogLik 4893.887 7151.3 7436.33 7549.896 7599.38 7615.076 7621.556 7623.48
        9       10       11       12       13       14
1 7625.64 7627.861 7629.392 7630.864 7632.491 7632.491
> 
> # Update model
> HD_STME.z_rr2ap.asr <- update_asreml(HD_STME.z_rr2ap.asr, 
+                                      max_updates = 10,
+                                      save_path = "Data/STME.z_rr.ap.RData")
[1] "Update 1"
[1] "Convergence = FALSE"
  Iteration        1        2        3        4        5       6        7
1    LogLik 7633.993 7634.214 7634.694 7635.074 7635.476 7635.81 7636.038
         8       9       10       11       12       13       14
1 7636.158 7636.21 7636.231 7636.239 7636.241 7636.242 7636.242
[1] "Update 2"
[1] "Convergence = TRUE"
  Iteration        1        2        3
1    LogLik 7636.243 7636.243 7636.243
[1] "Model successfully converged!"
Warning message:
In asreml(fixed = Pheno_z ~ TraitEnv, random = ~rr(TraitEnv, 2):vm(Gkeep,  :
  Log-likelihood not converged
> 
> save.image('Data/STME.z_rr.ap.RData')
> 
> ### rr3----
> # Run model
> HD_STME.z_rr3ap.asr <- asreml(
+   Pheno_z ~ TraitEnv,
+   random = ~ rr(TraitEnv,3):vm(Gkeep, Ginv.sparse) + diag(TraitEnv):vm(Gkeep, Ginv.sparse) +
+     diag(TraitEnv):Gkeep +
+     diag(TraitEnv):Block,
+   residual = ~ dsum(~ ar1(Col):ar1(Row) | TraitEnv),
+   sparse = ~ TraitEnv:Gdrop,
+   data = ILYT_Pheno |> filter(Trait == 'HD') |> droplevels(),
+   na.action = na.method(x = 'include'),
+   maxit = 13,
+   workspace = '20gb'
+ )
Warning message:
In asreml(Pheno_z ~ TraitEnv, random = ~rr(TraitEnv, 3):vm(Gkeep,  :
  Log-likelihood not converged
> # Print model info
> print('HD_STME.z_rr3')
[1] "HD_STME.z_rr3"
> print(paste('convergence =',HD_STME.z_rr3ap.asr$converge))
[1] "convergence = FALSE"
> HD_STME.z_rr3ap.asr$trace |> as.data.frame() |> rownames_to_column('Iteration') |>
+   filter(Iteration=='LogLik') |> print()
  Iteration        1        2        3        4        5        6        7
1    LogLik 6760.816 7087.571 7433.299 7580.865 7622.392 7635.304 7637.023
         8        9      10       11       12      13      14
1 7637.344 7637.419 7637.44 7637.446 7637.449 7637.45 7637.45
> 
> # Update model
> HD_STME.z_rr3ap.asr <- update_asreml(HD_STME.z_rr3ap.asr, 
+                                      max_updates = 10,
+                                      save_path = "Data/STME.z_rr.ap.RData")
[1] "Update 1"
[1] "Convergence = TRUE"
  Iteration       1       2       3
1    LogLik 7637.45 7637.45 7637.45
[1] "Model successfully converged!"
> 
> save.image('Data/STME.z_rr.ap.RData')
> 
> ## HT ----
> ### rr1----
> # Run model
> HT_STME.z_rr1ap.asr <- asreml(
+   Pheno_z ~ TraitEnv,
+   random = ~ rr(TraitEnv,1):vm(Gkeep, Ginv.sparse) + diag(TraitEnv):vm(Gkeep, Ginv.sparse) +
+     diag(TraitEnv):Gkeep +
+     diag(TraitEnv):Block,
+   residual = ~ dsum(~ ar1(Col):ar1(Row) | TraitEnv),
+   sparse = ~ TraitEnv:Gdrop,
+   data = ILYT_Pheno |> filter(Trait == 'HT') |> droplevels(),
+   na.action = na.method(x = 'include'),
+   maxit = 13,
+   workspace = '16gb'
+ )
Warning message:
In asreml(Pheno_z ~ TraitEnv, random = ~rr(TraitEnv, 1):vm(Gkeep,  :
  Some components changed by more than 1% on the last iteration
> # Print model info
> print('HT_STME.z_rr1')
[1] "HT_STME.z_rr1"
> print(paste('convergence =',HT_STME.z_rr1ap.asr$converge))
[1] "convergence = TRUE"
> HT_STME.z_rr1ap.asr$trace |> as.data.frame() |> rownames_to_column('Iteration') |>
+   filter(Iteration=='LogLik') |> print()
  Iteration         1         2         3         4         5       6         7
1    LogLik -1092.878 -465.2616 -200.3303 -106.8722 -72.36465 -65.239 -63.69661
          8         9        10       11       12       13
1 -63.35615 -63.27805 -63.25994 -63.2557 -63.2547 -63.2547
> 
> # Update model
> HT_STME.z_rr1ap.asr <- update_asreml(HT_STME.z_rr1ap.asr, 
+                                      max_updates = 10,
+                                      save_path = "Data/STME.z_rr.ap.RData")
[1] "Model successfully converged!"
> 
> save.image('Data/STME.z_rr.ap.RData')
> 
> ### rr2----
> # Run model
> HT_STME.z_rr2ap.asr <- asreml(
+   Pheno_z ~ TraitEnv,
+   random = ~ rr(TraitEnv,2):vm(Gkeep, Ginv.sparse) + diag(TraitEnv):vm(Gkeep, Ginv.sparse) +
+     diag(TraitEnv):Gkeep +
+     diag(TraitEnv):Block,
+   residual = ~ dsum(~ ar1(Col):ar1(Row) | TraitEnv),
+   sparse = ~ TraitEnv:Gdrop,
+   data = ILYT_Pheno |> filter(Trait == 'HT') |> droplevels(),
+   na.action = na.method(x = 'include'),
+   maxit = 13,
+   workspace = '16gb'
+ )
Warning messages:
1: In asreml(Pheno_z ~ TraitEnv, random = ~rr(TraitEnv, 2):vm(Gkeep,  :
  Log-likelihood not converged
2: In asreml(Pheno_z ~ TraitEnv, random = ~rr(TraitEnv, 2):vm(Gkeep,  :
  Some components changed by more than 1% on the last iteration
> # Print model info
> print('HT_STME.z_rr2')
[1] "HT_STME.z_rr2"
> print(paste('convergence =',HT_STME.z_rr2ap.asr$converge))
[1] "convergence = FALSE"
> HT_STME.z_rr2ap.asr$trace |> as.data.frame() |> rownames_to_column('Iteration') |>
+   filter(Iteration=='LogLik') |> print()
  Iteration         1         2         3         4         5         6
1    LogLik -1156.934 -473.2272 -186.8464 -93.73879 -60.05938 -52.87042
          7         8         9        10       11       12        13        14
1 -51.01575 -50.26969 -49.83116 -49.56267 -49.4403 -49.3897 -49.37232 -49.37232
> 
> # Update model
> HT_STME.z_rr2ap.asr <- update_asreml(HT_STME.z_rr2ap.asr, 
+                                      max_updates = 10,
+                                      save_path = "Data/STME.z_rr.ap.RData")
[1] "Update 1"
[1] "Convergence = TRUE"
  Iteration         1        2        3
1    LogLik -49.36669 -49.3662 -49.3662
[1] "Model successfully converged!"
> 
> save.image('Data/STME.z_rr.ap.RData')
> 
> ### rr3----
> # Run model
> HT_STME.z_rr3ap.asr <- asreml(
+   Pheno_z ~ TraitEnv,
+   random = ~ rr(TraitEnv,3):vm(Gkeep, Ginv.sparse) + diag(TraitEnv):vm(Gkeep, Ginv.sparse) +
+     diag(TraitEnv):Gkeep +
+     diag(TraitEnv):Block,
+   residual = ~ dsum(~ ar1(Col):ar1(Row) | TraitEnv),
+   sparse = ~ TraitEnv:Gdrop,
+   data = ILYT_Pheno |> filter(Trait == 'HT') |> droplevels(),
+   na.action = na.method(x = 'include'),
+   maxit = 13,
+   workspace = '20gb'
+ )
Warning messages:
1: In asreml(Pheno_z ~ TraitEnv, random = ~rr(TraitEnv, 3):vm(Gkeep,  :
  Log-likelihood not converged
2: In asreml(Pheno_z ~ TraitEnv, random = ~rr(TraitEnv, 3):vm(Gkeep,  :
  Some components changed by more than 1% on the last iteration
> # Print model info
> print('HT_STME.z_rr3')
[1] "HT_STME.z_rr3"
> print(paste('convergence =',HT_STME.z_rr3ap.asr$converge))
[1] "convergence = FALSE"
> HT_STME.z_rr3ap.asr$trace |> as.data.frame() |> rownames_to_column('Iteration') |>
+   filter(Iteration=='LogLik') |> print()
  Iteration         1         2         3         4         5         6
1    LogLik -1174.586 -489.2168 -189.0612 -87.82289 -59.12969 -49.42344
          7        8         9        10        11        12        13
1 -45.17162 -44.1775 -43.90454 -43.81729 -43.78183 -43.76556 -43.75876
         14
1 -43.75876
> 
> # Update model
> HT_STME.z_rr3ap.asr <- update_asreml(HT_STME.z_rr3ap.asr, 
+                                      max_updates = 10,
+                                      save_path = "Data/STME.z_rr.ap.RData")
[1] "Update 1"
[1] "Convergence = TRUE"
  Iteration         1         2         3
1    LogLik -43.75656 -43.75642 -43.75642
[1] "Model successfully converged!"
Warning message:
In asreml(fixed = Pheno_z ~ TraitEnv, random = ~rr(TraitEnv, 3):vm(Gkeep,  :
  Some components changed by more than 1% on the last iteration
> 
> save.image('Data/STME.z_rr.ap.RData')
> 
> ## MAT ----
> ### rr1----
> # Run model
> MAT_STME.z_rr1ap.asr <- asreml(
+   Pheno_z ~ TraitEnv,
+   random = ~ rr(TraitEnv,1):vm(Gkeep, Ginv.sparse) + diag(TraitEnv):vm(Gkeep, Ginv.sparse) +
+     diag(TraitEnv):Gkeep +
+     diag(TraitEnv):Block,
+   residual = ~ dsum(~ ar1(Col):ar1(Row) | TraitEnv),
+   sparse = ~ TraitEnv:Gdrop,
+   data = ILYT_Pheno |> filter(Trait == 'MAT') |> droplevels(),
+   na.action = na.method(x = 'include'),
+   maxit = 13,
+   workspace = '16gb'
+ )
Warning message:
In asreml(Pheno_z ~ TraitEnv, random = ~rr(TraitEnv, 1):vm(Gkeep,  :
  Log-likelihood not converged
> # Print model info
> print('MAT_STME.z_rr1')
[1] "MAT_STME.z_rr1"
> print(paste('convergence =',MAT_STME.z_rr1ap.asr$converge))
[1] "convergence = FALSE"
> MAT_STME.z_rr1ap.asr$trace |> as.data.frame() |> rownames_to_column('Iteration') |>
+   filter(Iteration=='LogLik') |> print()
  Iteration         1         2         3         4         5        6
1    LogLik -372.2328 -333.7291 -293.0009 -270.7638 -262.5715 -260.847
          7         8         9        10        11        12        13
1 -260.3866 -260.2471 -260.2024 -260.1877 -260.1828 -260.1811 -260.1806
         14
1 -260.1806
> 
> # Update model
> MAT_STME.z_rr1ap.asr <- update_asreml(MAT_STME.z_rr1ap.asr, 
+                                       max_updates = 10,
+                                       save_path = "Data/STME.z_rr.ap.RData")
[1] "Update 1"
[1] "Convergence = TRUE"
  Iteration         1         2         3
1    LogLik -260.1804 -260.1804 -260.1804
[1] "Model successfully converged!"
> 
> save.image('Data/STME.z_rr.ap.RData')
> 
> # End ----
> 
> proc.time()
    user   system  elapsed 
72232.49  2982.39 33603.67 
