
R version 4.4.2 (2024-10-31) -- "Pile of Leaves"
Copyright (C) 2024 The R Foundation for Statistical Computing
Platform: x86_64-redhat-linux-gnu

R is free software and comes with ABSOLUTELY NO WARRANTY.
You are welcome to redistribute it under certain conditions.
Type 'license()' or 'licence()' for distribution details.

R is a collaborative project with many contributors.
Type 'contributors()' for more information and
'citation()' on how to cite R or R packages in publications.

Type 'demo()' for some demos, 'help()' for on-line help, or
'help.start()' for an HTML browser interface to help.
Type 'q()' to quit R.

Online License checked out Mon Mar  3 10:41:24 2025
[Previously saved workspace restored]

> # Multi-Trait Multi-Environment models ----
> # This script fits Multi-Trait Multi-Environment models
> 
> # Clean workspace
> rm(list = objects())  # Removes all objects from the environment.
> 
> # Packages ----
> library(tidyverse) # R packages for data science.
── Attaching core tidyverse packages ──────────────────────── tidyverse 2.0.0 ──
✔ dplyr     1.1.4     ✔ readr     2.1.5
✔ forcats   1.0.0     ✔ stringr   1.5.1
✔ ggplot2   3.5.1     ✔ tibble    3.2.1
✔ lubridate 1.9.4     ✔ tidyr     1.3.1
✔ purrr     1.0.2     
── Conflicts ────────────────────────────────────────── tidyverse_conflicts() ──
✖ dplyr::filter() masks stats::filter()
✖ dplyr::lag()    masks stats::lag()
ℹ Use the conflicted package (<http://conflicted.r-lib.org/>) to force all conflicts to become errors
> library(asreml) # ASReml-R package.
Loading required package: Matrix

Attaching package: ‘Matrix’

The following objects are masked from ‘package:tidyr’:

    expand, pack, unpack

Loading ASReml-R version 4.2

> source("Functions_MTME.R")  # Load functions
> 
> # Use for HPC only
> setwd('~/MTME_ILWheat/')
> 
> # Load data ----
> ## Pheno & Ginv
> load('Data/ILYT_Pheno-Gmatrix.RData')
> 
> # Fit rr3ap1 model ----
> k <- 3
> ## Run model ----
> MTME.z_rr3ap1.asr <- asreml(
+   Pheno_z ~ TraitEnv,
+   random = ~ rr(TraitEnv,3):vm(Gkeep, Ginv.sparse) + diag(TraitEnv):vm(Gkeep, Ginv.sparse) +
+     rr(TraitEnv,1):Gkeep + diag(TraitEnv):Gkeep +
+     diag(TraitEnv):Block,
+   residual = ~ dsum(~ ar1(Col):ar1(Row) | TraitEnv),
+   sparse = ~ TraitEnv:Gdrop,
+   data = ILYT_Pheno,
+   na.action = na.method(x = 'include'),
+   maxit = 13,
+   workspace = '72gb'
+ )
Warning messages:
1: In asreml(Pheno_z ~ TraitEnv, random = ~rr(TraitEnv, 3):vm(Gkeep,  :
  Log-likelihood not converged
2: In asreml(Pheno_z ~ TraitEnv, random = ~rr(TraitEnv, 3):vm(Gkeep,  :
  Some components changed by more than 1% on the last iteration
> 
> # Print model info
> print(paste('convergence =', MTME.z_rr3ap1.asr$converge))
[1] "convergence = FALSE"
> MTME.z_rr3ap1.asr$trace |>
+   as.data.frame() |> rownames_to_column('Iteration') |>
+   filter(Iteration=='LogLik') |> print()
  Iteration        1        2        3        4        5        6        7
1    LogLik 8547.303 13208.78 15381.05 16711.99 17404.62 17795.58 18041.75
         8     9       10       11       12       13       14
1 18213.66 18339 18452.87 18511.17 18568.63 18598.96 18598.96
> 
> # Save
> save.image('Data/MTME.z_rr3ap1.RData')
> 
> # Update model ----
> MTME.z_rr3ap1.asr <- update_asreml(MTME.z_rr3ap1.asr, 
+                                  max_updates = 50,
+                                  save_path = "Data/MTME.z_rr3ap1.RData")
[1] "Update 1"
[1] "Convergence = FALSE"
  Iteration        1        2       3        4        5        6        7
1    LogLik 18629.08 18639.49 18654.1 18671.36 18683.21 18691.42 18697.53
         8        9       10       11       12       13       14
1 18702.78 18707.35 18710.99 18714.89 18717.82 18720.99 18720.99
[1] "Update 2"
[1] "Convergence = FALSE"
  Iteration        1        2       3       4        5        6        7
1    LogLik 18724.26 18725.04 18727.8 18730.6 18732.68 18734.55 18736.17
        8        9       10       11       12       13       14
1 18737.9 18739.91 18742.09 18743.86 18745.36 18746.75 18746.75
[1] "Update 3"
[1] "Convergence = FALSE"
  Iteration       1        2        3        4        5        6        7
1    LogLik 18748.1 18748.68 18750.34 18752.06 18753.66 18755.21 18756.64
         8        9       10      11       12       13       14
1 18758.25 18760.22 18762.46 18764.9 18766.89 18769.22 18769.22
[1] "Update 4"
[1] "Convergence = FALSE"
  Iteration        1        2        3        4        5        6        7
1    LogLik 18771.29 18772.01 18774.08 18776.11 18778.16 18780.24 18782.38
         8        9       10       11       12       13       14
1 18784.41 18786.78 18789.19 18792.21 18795.84 18798.94 18798.94
[1] "Update 5"
[1] "Convergence = FALSE"
  Iteration        1        2        3        4        5        6        7
1    LogLik 18801.93 18803.06 18806.32 18809.51 18812.75 18816.86 18820.65
         8        9       10       11       12       13       14
1 18824.34 18828.05 18831.79 18835.61 18839.51 18843.11 18843.11
[1] "Update 6"
[1] "Convergence = FALSE"
  Iteration        1       2        3     4        5        6     7        8
1    LogLik 18846.56 18848.2 18850.75 18855 18860.39 18864.71 18870 18874.19
         9       10       11       12       13       14
1 18878.09 18881.44 18885.18 18889.77 18893.42 18893.42
[1] "Update 7"
[1] "Convergence = FALSE"
  Iteration       1        2        3        4        5        6        7     8
1    LogLik 18896.3 18897.51 18899.32 18902.19 18904.56 18906.66 18908.56 18911
         9       10       11       12       13       14
1 18913.08 18914.96 18916.48 18917.83 18919.34 18919.34
[1] "Update 8"
[1] "Convergence = FALSE"
  Iteration        1        2        3        4        5       6       7
1    LogLik 18929.11 18921.69 18922.13 18923.32 18924.56 18925.6 18926.5
        8        9       10       11       12       13       14
1 18927.3 18928.29 18929.42 18930.56 18931.61 18932.58 18932.58
[1] "Update 9"
[1] "Convergence = FALSE"
  Iteration        1        2        3        4        5        6        7
1    LogLik 18933.38 18933.51 18933.95 18934.35 18934.72 18935.07 18935.39
         8        9       10       11       12       13       14
1 18935.69 18935.98 18936.12 18936.25 18936.37 18936.48 18936.48
[1] "Update 10"
[1] "Convergence = FALSE"
  Iteration       1        2        3        4        5       6     7        8
1    LogLik 18936.6 18936.62 18936.68 18936.75 18936.82 18936.9 18937 18937.12
         9       10       11       12      13      14
1 18937.15 18937.18 18937.22 18937.25 18937.3 18937.3
[1] "Update 11"
[1] "Convergence = FALSE"
  Iteration        1        2        3        4        5        6        7
1    LogLik 18937.37 18937.38 18937.39 18937.42 18937.44 18937.48 18937.54
         8        9       10       11       12      13      14
1 18937.62 18937.63 18937.64 18937.65 18937.67 18937.7 18937.7
[1] "Update 12"
[1] "Convergence = FALSE"
  Iteration        1        2        3        4        5        6        7
1    LogLik 18937.74 18937.74 18937.75 18937.76 18937.77 18937.79 18937.83
         8        9    10       11       12       13       14
1 18937.88 18937.94 18938 18938.07 18938.12 18938.15 18938.15
[1] "Update 13"
[1] "Convergence = TRUE"
  Iteration        1        2        3        4
1    LogLik 18938.17 18938.17 18938.17 18938.17
[1] "Model successfully converged!"
There were 26 warnings (use warnings() to see them)
> 
> # Save
> save.image('Data/MTME.z_rr3ap1.RData')
> 
> proc.time()
     user    system   elapsed 
338345.26  17603.94 134694.70 
