
R version 4.4.2 (2024-10-31) -- "Pile of Leaves"
Copyright (C) 2024 The R Foundation for Statistical Computing
Platform: x86_64-redhat-linux-gnu

R is free software and comes with ABSOLUTELY NO WARRANTY.
You are welcome to redistribute it under certain conditions.
Type 'license()' or 'licence()' for distribution details.

R is a collaborative project with many contributors.
Type 'contributors()' for more information and
'citation()' on how to cite R or R packages in publications.

Type 'demo()' for some demos, 'help()' for on-line help, or
'help.start()' for an HTML browser interface to help.
Type 'q()' to quit R.

Online License checked out Mon Mar 10 21:48:37 2025
[Previously saved workspace restored]

> # Multi-Trait Multi-Environment models ----
> # This script fits Multi-Trait Multi-Environment models
> 
> # Clean workspace
> rm(list = objects())  # Removes all objects from the environment.
> 
> # Packages ----
> library(tidyverse) # R packages for data science.
── Attaching core tidyverse packages ──────────────────────── tidyverse 2.0.0 ──
✔ dplyr     1.1.4     ✔ readr     2.1.5
✔ forcats   1.0.0     ✔ stringr   1.5.1
✔ ggplot2   3.5.1     ✔ tibble    3.2.1
✔ lubridate 1.9.4     ✔ tidyr     1.3.1
✔ purrr     1.0.2     
── Conflicts ────────────────────────────────────────── tidyverse_conflicts() ──
✖ dplyr::filter() masks stats::filter()
✖ dplyr::lag()    masks stats::lag()
ℹ Use the conflicted package (<http://conflicted.r-lib.org/>) to force all conflicts to become errors
> library(asreml) # ASReml-R package.
Loading required package: Matrix

Attaching package: ‘Matrix’

The following objects are masked from ‘package:tidyr’:

    expand, pack, unpack

Loading ASReml-R version 4.2

> source('Functions_MTME.R')  # Load functions
> 
> # Use for HPC only
> setwd('~/MTME_ILWheat/')
> 
> # Load data ----
> ## Pheno & Ginv
> load('Data/ILYT_Pheno-Gmatrix.RData')
> 
> # Create columns for each nlevels(Trait) within each Env
> ILYT_PhenoTr <- ILYT_Pheno |>
+   # Create a unique identifier 'IDEU' for each experimental unit using Env, Col, and Row
+   mutate(IDEU = paste(Env,Col,Row,sep = '-'), IDEU = as.factor(IDEU)) |>
+   group_by(Env) |>
+   mutate(nTrait = length(unique(Trait))) |>
+   # Create new columns (Tr2 to Tr5) based on the number of traits present in each 'Env'
+   mutate(Tr2 = ifelse(nTrait==2,as.character(Trait),NA), Tr2 = as.factor(Tr2),
+          Tr3 = ifelse(nTrait==3,as.character(Trait),NA), Tr3 = as.factor(Tr3),
+          Tr4 = ifelse(nTrait==4,as.character(Trait),NA), Tr4 = as.factor(Tr4),
+          Tr5 = ifelse(nTrait==5,as.character(Trait),NA), Tr5 = as.factor(Tr5)) |>
+   ungroup() |>
+   droplevels() |>
+   arrange(IDEU, TraitEnv) |>
+   glimpse()
Rows: 38,792
Columns: 24
$ Pheno      <dbl> 78.59641, 59.26283, 81.92365, 60.64956, 70.60811, 58.16354,…
$ Pheno_SI   <dbl> 5285.68, 762.83, 5509.44, 780.68, 4748.46, 748.68, 5381.87,…
$ Pheno_z    <dbl> -1.09868454, -0.09749654, -0.90053521, 0.32590315, -1.57441…
$ Pheno_std  <dbl> 0.7980023, 0.9930956, 0.8317844, 1.0163337, 0.7168959, 0.97…
$ Pheno_mean <dbl> 6526.3688, 766.9403, 6526.3688, 766.9403, 6526.3688, 766.94…
$ Pheno_sd   <dbl> 1129.24933, 42.15875, 1129.24933, 42.15875, 1129.24933, 42.…
$ TraitEnv   <fct> GY-22-Adv, TW-22-Adv, GY-22-Adv, TW-22-Adv, GY-22-Adv, TW-2…
$ Trait      <fct> GY, TW, GY, TW, GY, TW, GY, TW, GY, TW, GY, TW, GY, TW, GY,…
$ Env        <fct> 22-Adv, 22-Adv, 22-Adv, 22-Adv, 22-Adv, 22-Adv, 22-Adv, 22-…
$ Year       <fct> 2022, 2022, 2022, 2022, 2022, 2022, 2022, 2022, 2022, 2022,…
$ Loc        <fct> "Addieville, IL", "Addieville, IL", "Addieville, IL", "Addi…
$ Block      <fct> 1, 1, 2, 2, 1, 1, 2, 2, 1, 1, 2, 2, 1, 1, 2, 2, 1, 1, 2, 2,…
$ Col        <fct> 1, 1, 1, 1, 1, 1, 1, 1, 1, 1, 1, 1, 1, 1, 1, 1, 1, 1, 1, 1,…
$ Row        <fct> 1, 1, 10, 10, 11, 11, 12, 12, 13, 13, 14, 14, 15, 15, 16, 1…
$ Plot       <fct> 1, 1, 10, 10, 11, 11, 12, 12, 13, 13, 14, 14, 15, 15, 16, 1…
$ IDEU       <fct> 22-Adv-1-1, 22-Adv-1-1, 22-Adv-1-10, 22-Adv-1-10, 22-Adv-1-…
$ Gen        <fct> 2020-5361, 2020-5361, 19-25245, 19-25245, 2020-13223, 2020-…
$ Gkeep      <fct> 2020-5361, 2020-5361, 19-25245, 19-25245, 2020-13223, 2020-…
$ Gdrop      <fct> NA, NA, NA, NA, NA, NA, NA, NA, NA, NA, NA, NA, NA, NA, NA,…
$ nTrait     <int> 2, 2, 2, 2, 2, 2, 2, 2, 2, 2, 2, 2, 2, 2, 2, 2, 2, 2, 2, 2,…
$ Tr2        <fct> GY, TW, GY, TW, GY, TW, GY, TW, GY, TW, GY, TW, GY, TW, GY,…
$ Tr3        <fct> NA, NA, NA, NA, NA, NA, NA, NA, NA, NA, NA, NA, NA, NA, NA,…
$ Tr4        <fct> NA, NA, NA, NA, NA, NA, NA, NA, NA, NA, NA, NA, NA, NA, NA,…
$ Tr5        <fct> NA, NA, NA, NA, NA, NA, NA, NA, NA, NA, NA, NA, NA, NA, NA,…
> 
> # Create vectors with the unique environments included in each of the Tr2:Tr5 columns
> tr2 <- ILYT_PhenoTr |> filter(!is.na(Tr2)) |> droplevels() |> group_by(Env) |>
+   summarise(Env = unique(Env)) |> pull(Env); tr2
[1] 22-Adv 22-Stp 23-Adv 24-Adv 24-Stp
Levels: 22-Adv 22-Stp 23-Adv 24-Adv 24-Stp
> tr3 <- ILYT_PhenoTr |> filter(!is.na(Tr3)) |> droplevels() |> group_by(Env) |>
+   summarise(Env = unique(Env)) |> pull(Env); tr3
[1] 23-Stp
Levels: 23-Stp
> tr4 <- ILYT_PhenoTr |> filter(!is.na(Tr4)) |> droplevels() |> group_by(Env) |>
+   summarise(Env = unique(Env)) |> pull(Env); tr4
[1] 22-Neo 22-Urb 23-Neo 24-Neo
Levels: 22-Neo 22-Urb 23-Neo 24-Neo
> tr5 <- ILYT_PhenoTr |> filter(!is.na(Tr5)) |> droplevels() |> group_by(Env) |>
+   summarise(Env = unique(Env)) |> pull(Env); tr5
[1] 23-Urb 24-Urb
Levels: 23-Urb 24-Urb
> 
> # Fit rr4ap1rc model ----
> k <- 4
> ## Run model ----
> MTME.z_rr4ap1rc.asr <- asreml(
+   Pheno_z ~ TraitEnv,
+   random = ~ rr(TraitEnv,4):vm(Gkeep, Ginv.sparse) + diag(TraitEnv):vm(Gkeep, Ginv.sparse) +
+     rr(TraitEnv,1):Gkeep + diag(TraitEnv):Gkeep +
+     diag(TraitEnv):Block +
+     at(TraitEnv):ar1v(Col):ar1(Row),
+   residual = ~ dsum(~ IDEU:corgh(Tr2) | Env, levels = tr2) +
+     dsum(~ IDEU:corgh(Tr3) | Env, levels = tr3) +
+     dsum(~ IDEU:corgh(Tr4) | Env, levels = tr4) +
+     dsum(~ IDEU:corgh(Tr5) | Env, levels = tr5),
+   sparse = ~ TraitEnv:Gdrop,
+   data = ILYT_PhenoTr,
+   na.action = na.method(x = 'include'),
+   maxit = 13,
+   workspace = '80gb'
+ )
Notice  : There is no Variance: Job may fail.
Notice  : There is no Variance: Job may fail.
Notice  : There is no Variance: Job may fail.
Notice  : There is no Variance: Job may fail.
Notice  : There is no Variance: Job may fail.
Notice  : There is no Variance: Job may fail.
Notice  : There is no Variance: Job may fail.
Notice  : There is no Variance: Job may fail.
Notice  : There is no Variance: Job may fail.
Notice  : There is no Variance: Job may fail.
Warning messages:
1: In asreml(Pheno_z ~ TraitEnv, random = ~rr(TraitEnv, 4):vm(Gkeep,  :
  Log-likelihood not converged
2: In asreml(Pheno_z ~ TraitEnv, random = ~rr(TraitEnv, 4):vm(Gkeep,  :
  Some components changed by more than 1% on the last iteration
> 
> # Print model info
> print(paste('convergence =', MTME.z_rr4ap1rc.asr$converge))
[1] "convergence = FALSE"
> MTME.z_rr4ap1rc.asr$trace |>
+   as.data.frame() |> rownames_to_column('Iteration') |>
+   filter(Iteration=='LogLik') |> print()
  Iteration        1        2        3        4       5        6       7
1    LogLik 8094.954 12422.09 13696.27 15277.87 16458.3 17162.61 17722.6
        8        9       10       11       12       13       14
1 18698.9 19350.48 20012.03 20366.83 20577.67 20702.47 20702.47
> 
> # Save
> save.image('Data/MTME.z_rr4ap1rc.RData')
> 
> # Update model ----
> MTME.z_rr4ap1rc.asr <- update_asreml(MTME.z_rr4ap1rc.asr, 
+                                  max_updates = 50,
+                                  save_path = 'Data/MTME.z_rr4ap1rc.RData')
Notice  : There is no Variance: Job may fail.
Notice  : There is no Variance: Job may fail.
Notice  : There is no Variance: Job may fail.
Notice  : There is no Variance: Job may fail.
Notice  : There is no Variance: Job may fail.
Notice  : There is no Variance: Job may fail.
Notice  : There is no Variance: Job may fail.
Notice  : There is no Variance: Job may fail.
Notice  : There is no Variance: Job may fail.
Notice  : There is no Variance: Job may fail.
Notice  : There is no Variance: Job may fail.
Notice  : There is no Variance: Job may fail.
Notice  : There is no Variance: Job may fail.
[1] "Update 1"
[1] "Convergence = FALSE"
  Iteration        1        2        3        4        5        6        7
1    LogLik 20780.63 20809.63 20832.97 20859.17 20877.05 20891.67 20907.44
         8        9       10       11       12       13       14
1 20923.36 20932.28 20941.69 20950.29 20956.16 20963.34 20963.34
Notice  : There is no Variance: Job may fail.
Notice  : There is no Variance: Job may fail.
Notice  : There is no Variance: Job may fail.
Notice  : There is no Variance: Job may fail.
Notice  : There is no Variance: Job may fail.
Notice  : There is no Variance: Job may fail.
Notice  : There is no Variance: Job may fail.
Notice  : There is no Variance: Job may fail.
Notice  : There is no Variance: Job may fail.
Notice  : There is no Variance: Job may fail.
Notice  : There is no Variance: Job may fail.
Notice  : There is no Variance: Job may fail.
Notice  : There is no Variance: Job may fail.
[1] "Update 2"
[1] "Convergence = FALSE"
  Iteration        1        2        3     4     5     6        7        8
1    LogLik 20969.86 20973.69 20978.98 20983 20989 20994 20999.14 21005.79
         9      10       11       12       13       14
1 21011.64 21015.7 21018.59 21024.76 21026.11 21026.11
Notice  : There is no Variance: Job may fail.
Notice  : There is no Variance: Job may fail.
Notice  : There is no Variance: Job may fail.
Notice  : There is no Variance: Job may fail.
Notice  : There is no Variance: Job may fail.
Notice  : There is no Variance: Job may fail.
Notice  : There is no Variance: Job may fail.
Notice  : There is no Variance: Job may fail.
Notice  : There is no Variance: Job may fail.
Notice  : There is no Variance: Job may fail.
Notice  : There is no Variance: Job may fail.
Notice  : There is no Variance: Job may fail.
Notice  : There is no Variance: Job may fail.
[1] "Update 3"
[1] "Convergence = FALSE"
  Iteration        1        2        3        4        5        6        7
1    LogLik 21029.24 21030.94 21032.98 21035.26 21039.49 21041.46 21046.19
         8        9       10       11       12       13       14
1 21049.19 21051.85 21053.57 21056.06 21057.69 21059.44 21059.44
Notice  : There is no Variance: Job may fail.
Notice  : There is no Variance: Job may fail.
Notice  : There is no Variance: Job may fail.
Notice  : There is no Variance: Job may fail.
Notice  : There is no Variance: Job may fail.
Notice  : There is no Variance: Job may fail.
Notice  : There is no Variance: Job may fail.
Notice  : There is no Variance: Job may fail.
Notice  : There is no Variance: Job may fail.
Notice  : There is no Variance: Job may fail.
Notice  : There is no Variance: Job may fail.
Notice  : There is no Variance: Job may fail.
Notice  : There is no Variance: Job may fail.
[1] "Update 4"
[1] "Convergence = FALSE"
  Iteration        1        2        3        4        5        6        7
1    LogLik 21060.13 21061.01 21063.03 21064.85 21065.63 21066.91 21068.33
         8        9       10       11       12       13       14
1 21069.75 21069.95 21070.72 21071.01 21071.65 21072.55 21072.55
Notice  : There is no Variance: Job may fail.
Notice  : There is no Variance: Job may fail.
Notice  : There is no Variance: Job may fail.
Notice  : There is no Variance: Job may fail.
Notice  : There is no Variance: Job may fail.
Notice  : There is no Variance: Job may fail.
Notice  : There is no Variance: Job may fail.
Notice  : There is no Variance: Job may fail.
Notice  : There is no Variance: Job may fail.
Notice  : There is no Variance: Job may fail.
Notice  : There is no Variance: Job may fail.
Notice  : There is no Variance: Job may fail.
Notice  : There is no Variance: Job may fail.
[1] "Update 5"
[1] "Convergence = FALSE"
  Iteration        1        2        3        4        5       6        7
1    LogLik 21073.39 21073.12 21072.94 21073.51 21073.28 21074.1 21074.86
         8        9       10       11       12       13       14
1 21072.85 21074.13 21074.93 21074.87 21075.33 21076.25 21076.25
Notice  : There is no Variance: Job may fail.
Notice  : There is no Variance: Job may fail.
Notice  : There is no Variance: Job may fail.
Notice  : There is no Variance: Job may fail.
Notice  : There is no Variance: Job may fail.
Notice  : There is no Variance: Job may fail.
Notice  : There is no Variance: Job may fail.
Notice  : There is no Variance: Job may fail.
Notice  : There is no Variance: Job may fail.
Notice  : There is no Variance: Job may fail.
Notice  : There is no Variance: Job may fail.
Notice  : There is no Variance: Job may fail.
Notice  : There is no Variance: Job may fail.
[1] "Update 6"
[1] "Convergence = FALSE"
  Iteration        1        2        3        4        5        6        7
1    LogLik 21075.96 21076.95 21075.38 21075.97 21077.86 21076.01 21076.09
         8        9       10       11       12       13       14
1 21076.52 21076.62 21076.55 21077.13 21076.74 21076.76 21076.76
Notice  : There is no Variance: Job may fail.
Notice  : There is no Variance: Job may fail.
Notice  : There is no Variance: Job may fail.
Notice  : There is no Variance: Job may fail.
Notice  : There is no Variance: Job may fail.
Notice  : There is no Variance: Job may fail.
Notice  : There is no Variance: Job may fail.
Notice  : There is no Variance: Job may fail.
Notice  : There is no Variance: Job may fail.
Notice  : There is no Variance: Job may fail.
Notice  : There is no Variance: Job may fail.
Notice  : There is no Variance: Job may fail.
Notice  : There is no Variance: Job may fail.
[1] "Update 7"
[1] "Convergence = FALSE"
  Iteration        1        2        3        4        5       6        7
1    LogLik 21077.26 21077.03 21077.26 21077.19 21076.86 21077.5 21077.38
         8        9       10       11      12       13       14
1 21077.52 21077.86 21077.02 21077.38 21077.5 21077.32 21077.32
Notice  : There is no Variance: Job may fail.
Notice  : There is no Variance: Job may fail.
Notice  : There is no Variance: Job may fail.
Notice  : There is no Variance: Job may fail.
Notice  : There is no Variance: Job may fail.
Notice  : There is no Variance: Job may fail.
Notice  : There is no Variance: Job may fail.
Notice  : There is no Variance: Job may fail.
Notice  : There is no Variance: Job may fail.
Notice  : There is no Variance: Job may fail.
Notice  : There is no Variance: Job may fail.
Notice  : There is no Variance: Job may fail.
Notice  : There is no Variance: Job may fail.
[1] "Update 8"
[1] "Convergence = FALSE"
  Iteration        1       2        3        4        5        6        7
1    LogLik 21077.89 21077.6 21077.59 21077.27 21077.28 21077.44 21077.55
         8        9       10       11      12       13       14
1 21077.85 21079.03 21078.39 21077.57 21078.3 21078.34 21078.34
Notice  : There is no Variance: Job may fail.
Notice  : There is no Variance: Job may fail.
Notice  : There is no Variance: Job may fail.
Notice  : There is no Variance: Job may fail.
Notice  : There is no Variance: Job may fail.
Notice  : There is no Variance: Job may fail.
Notice  : There is no Variance: Job may fail.
Notice  : There is no Variance: Job may fail.
Notice  : There is no Variance: Job may fail.
Notice  : There is no Variance: Job may fail.
Notice  : There is no Variance: Job may fail.
Notice  : There is no Variance: Job may fail.
Notice  : There is no Variance: Job may fail.
[1] "Update 9"
[1] "Convergence = FALSE"
  Iteration        1        2        3        4        5       6        7
1    LogLik 21077.99 21077.98 21078.05 21078.07 21077.67 21078.4 21077.81
         8        9       10       11       12       13       14
1 21078.63 21077.75 21077.88 21078.52 21077.84 21077.67 21077.67
Notice  : There is no Variance: Job may fail.
Notice  : There is no Variance: Job may fail.
Notice  : There is no Variance: Job may fail.
Notice  : There is no Variance: Job may fail.
Notice  : There is no Variance: Job may fail.
Notice  : There is no Variance: Job may fail.
Notice  : There is no Variance: Job may fail.
Notice  : There is no Variance: Job may fail.
Notice  : There is no Variance: Job may fail.
Notice  : There is no Variance: Job may fail.
Notice  : There is no Variance: Job may fail.
Notice  : There is no Variance: Job may fail.
Notice  : There is no Variance: Job may fail.
[1] "Update 10"
[1] "Convergence = FALSE"
  Iteration        1        2        3        4        5       6     7        8
1    LogLik 21077.91 21078.84 21079.36 21078.41 21078.48 21078.9 21078 21079.14
         9       10       11       12       13       14
1 21078.27 21078.61 21078.15 21078.49 21077.98 21077.98
Notice  : There is no Variance: Job may fail.
Notice  : There is no Variance: Job may fail.
Notice  : There is no Variance: Job may fail.
Notice  : There is no Variance: Job may fail.
Notice  : There is no Variance: Job may fail.
Notice  : There is no Variance: Job may fail.
Notice  : There is no Variance: Job may fail.
Notice  : There is no Variance: Job may fail.
Notice  : There is no Variance: Job may fail.
Notice  : There is no Variance: Job may fail.
Notice  : There is no Variance: Job may fail.
Notice  : There is no Variance: Job may fail.
Notice  : There is no Variance: Job may fail.
[1] "Update 11"
[1] "Convergence = FALSE"
  Iteration        1        2        3        4        5        6        7
1    LogLik 21078.78 21078.26 21078.25 21077.99 21078.03 21079.66 21078.03
         8        9       10       11       12       13       14
1 21078.51 21078.53 21077.81 21078.65 21078.28 21078.66 21078.66
Notice  : There is no Variance: Job may fail.
Notice  : There is no Variance: Job may fail.
Notice  : There is no Variance: Job may fail.
Notice  : There is no Variance: Job may fail.
Notice  : There is no Variance: Job may fail.
Notice  : There is no Variance: Job may fail.
Notice  : There is no Variance: Job may fail.
Notice  : There is no Variance: Job may fail.
Notice  : There is no Variance: Job may fail.
Notice  : There is no Variance: Job may fail.
Notice  : There is no Variance: Job may fail.
Notice  : There is no Variance: Job may fail.
Notice  : There is no Variance: Job may fail.
[1] "Update 12"
[1] "Convergence = FALSE"
  Iteration       1       2        3        4        5        6        7
1    LogLik 21078.4 21079.5 21078.87 21078.45 21078.18 21078.22 21078.26
         8        9       10       11       12       13       14
1 21078.05 21078.35 21078.56 21078.38 21078.45 21078.35 21078.35
Notice  : There is no Variance: Job may fail.
Notice  : There is no Variance: Job may fail.
Notice  : There is no Variance: Job may fail.
Notice  : There is no Variance: Job may fail.
Notice  : There is no Variance: Job may fail.
Notice  : There is no Variance: Job may fail.
Notice  : There is no Variance: Job may fail.
Notice  : There is no Variance: Job may fail.
Notice  : There is no Variance: Job may fail.
Notice  : There is no Variance: Job may fail.
Notice  : There is no Variance: Job may fail.
Notice  : There is no Variance: Job may fail.
Notice  : There is no Variance: Job may fail.
[1] "Update 13"
[1] "Convergence = FALSE"
  Iteration        1        2        3        4        5        6       7
1    LogLik 21078.94 21078.03 21078.17 21078.38 21078.07 21078.41 21078.9
         8        9       10       11       12      13      14
1 21078.12 21078.56 21078.42 21079.54 21078.55 21078.5 21078.5
Notice  : There is no Variance: Job may fail.
Notice  : There is no Variance: Job may fail.
Notice  : There is no Variance: Job may fail.
Notice  : There is no Variance: Job may fail.
Notice  : There is no Variance: Job may fail.
Notice  : There is no Variance: Job may fail.
Notice  : There is no Variance: Job may fail.
Notice  : There is no Variance: Job may fail.
Notice  : There is no Variance: Job may fail.
Notice  : There is no Variance: Job may fail.
Notice  : There is no Variance: Job may fail.
Notice  : There is no Variance: Job may fail.
Notice  : There is no Variance: Job may fail.
[1] "Update 14"
[1] "Convergence = FALSE"
  Iteration        1        2        3        4        5        6        7
1    LogLik 21078.54 21078.08 21079.05 21078.95 21078.61 21078.09 21079.03
         8        9       10       11       12      13      14
1 21078.78 21078.03 21077.82 21078.49 21079.42 21078.7 21078.7
Notice  : There is no Variance: Job may fail.
Notice  : There is no Variance: Job may fail.
Notice  : There is no Variance: Job may fail.
Notice  : There is no Variance: Job may fail.
Notice  : There is no Variance: Job may fail.
Notice  : There is no Variance: Job may fail.
Notice  : There is no Variance: Job may fail.
Notice  : There is no Variance: Job may fail.
Notice  : There is no Variance: Job may fail.
Notice  : There is no Variance: Job may fail.
Notice  : There is no Variance: Job may fail.
Notice  : There is no Variance: Job may fail.
Notice  : There is no Variance: Job may fail.
[1] "Update 15"
[1] "Convergence = FALSE"
  Iteration        1        2        3        4        5        6        7
1    LogLik 21078.52 21078.12 21078.46 21078.27 21078.98 21079.33 21078.58
      8        9       10       11       12       13       14
1 21079 21078.78 21078.64 21078.27 21078.41 21078.22 21078.22
Notice  : There is no Variance: Job may fail.
Notice  : There is no Variance: Job may fail.
Notice  : There is no Variance: Job may fail.
Notice  : There is no Variance: Job may fail.
Notice  : There is no Variance: Job may fail.
Notice  : There is no Variance: Job may fail.
Notice  : There is no Variance: Job may fail.
Notice  : There is no Variance: Job may fail.
Notice  : There is no Variance: Job may fail.
Notice  : There is no Variance: Job may fail.
Notice  : There is no Variance: Job may fail.
Notice  : There is no Variance: Job may fail.
Notice  : There is no Variance: Job may fail.
[1] "Update 16"
[1] "Convergence = FALSE"
  Iteration        1        2        3        4        5        6        7
1    LogLik 21079.45 21079.35 21079.92 21078.82 21078.52 21078.97 21079.48
         8        9       10       11       12       13       14
1 21078.73 21078.45 21079.72 21078.96 21079.33 21081.48 21081.48
Notice  : There is no Variance: Job may fail.
Notice  : There is no Variance: Job may fail.
Notice  : There is no Variance: Job may fail.
Notice  : There is no Variance: Job may fail.
Notice  : There is no Variance: Job may fail.
Notice  : There is no Variance: Job may fail.
Notice  : There is no Variance: Job may fail.
Notice  : There is no Variance: Job may fail.
Notice  : There is no Variance: Job may fail.
Notice  : There is no Variance: Job may fail.
Notice  : There is no Variance: Job may fail.
Notice  : There is no Variance: Job may fail.
Notice  : There is no Variance: Job may fail.
[1] "Update 17"
[1] "Convergence = FALSE"
  Iteration       1        2        3        4        5        6       7
1    LogLik 21078.5 21078.31 21078.58 21080.56 21078.42 21078.98 21079.5
         8        9       10       11       12       13       14
1 21079.27 21079.65 21080.13 21078.32 21079.21 21078.59 21078.59
Notice  : There is no Variance: Job may fail.
Notice  : There is no Variance: Job may fail.
Notice  : There is no Variance: Job may fail.
Notice  : There is no Variance: Job may fail.
Notice  : There is no Variance: Job may fail.
Notice  : There is no Variance: Job may fail.
Notice  : There is no Variance: Job may fail.
Notice  : There is no Variance: Job may fail.
Notice  : There is no Variance: Job may fail.
Notice  : There is no Variance: Job may fail.
Notice  : There is no Variance: Job may fail.
Notice  : There is no Variance: Job may fail.
Notice  : There is no Variance: Job may fail.
[1] "Update 18"
[1] "Convergence = FALSE"
  Iteration        1        2        3        4        5        6        7
1    LogLik 21078.98 21078.55 21078.99 21078.39 21078.73 21078.52 21078.84
        8        9       10       11       12       13       14
1 21078.7 21079.53 21079.09 21078.75 21078.39 21079.01 21079.01
Notice  : There is no Variance: Job may fail.
Notice  : There is no Variance: Job may fail.
Notice  : There is no Variance: Job may fail.
Notice  : There is no Variance: Job may fail.
Notice  : There is no Variance: Job may fail.
Notice  : There is no Variance: Job may fail.
Notice  : There is no Variance: Job may fail.
Notice  : There is no Variance: Job may fail.
Notice  : There is no Variance: Job may fail.
Notice  : There is no Variance: Job may fail.
Notice  : There is no Variance: Job may fail.
Notice  : There is no Variance: Job may fail.
Notice  : There is no Variance: Job may fail.
[1] "Update 19"
[1] "Convergence = FALSE"
  Iteration        1       2        3        4        5        6        7
1    LogLik 21079.17 21079.5 21079.55 21078.39 21079.05 21079.19 21079.13
        8        9       10       11       12       13       14
1 21079.9 21078.73 21079.49 21079.01 21079.17 21078.59 21078.59
Notice  : There is no Variance: Job may fail.
Notice  : There is no Variance: Job may fail.
Notice  : There is no Variance: Job may fail.
Notice  : There is no Variance: Job may fail.
Notice  : There is no Variance: Job may fail.
Notice  : There is no Variance: Job may fail.
Notice  : There is no Variance: Job may fail.
Notice  : There is no Variance: Job may fail.
Notice  : There is no Variance: Job may fail.
Notice  : There is no Variance: Job may fail.
Notice  : There is no Variance: Job may fail.
Notice  : There is no Variance: Job may fail.
Notice  : There is no Variance: Job may fail.
[1] "Update 20"
[1] "Convergence = FALSE"
  Iteration        1        2        3        4        5        6        7
1    LogLik 21079.33 21079.25 21080.29 21079.31 21079.44 21078.71 21078.86
         8        9       10       11       12       13       14
1 21078.76 21078.74 21079.25 21078.94 21080.23 21078.57 21078.57
Notice  : There is no Variance: Job may fail.
Notice  : There is no Variance: Job may fail.
Notice  : There is no Variance: Job may fail.
Notice  : There is no Variance: Job may fail.
Notice  : There is no Variance: Job may fail.
Notice  : There is no Variance: Job may fail.
Notice  : There is no Variance: Job may fail.
Notice  : There is no Variance: Job may fail.
Notice  : There is no Variance: Job may fail.
Notice  : There is no Variance: Job may fail.
Notice  : There is no Variance: Job may fail.
Notice  : There is no Variance: Job may fail.
Notice  : There is no Variance: Job may fail.
[1] "Update 21"
[1] "Convergence = FALSE"
  Iteration        1        2        3       4        5        6        7
1    LogLik 21079.48 21078.75 21079.49 21079.3 21078.97 21079.33 21078.62
         8        9    10       11       12       13       14
1 21079.48 21079.49 21079 21079.31 21079.07 21078.68 21078.68
Notice  : There is no Variance: Job may fail.
Notice  : There is no Variance: Job may fail.
Notice  : There is no Variance: Job may fail.
Notice  : There is no Variance: Job may fail.
Notice  : There is no Variance: Job may fail.
Notice  : There is no Variance: Job may fail.
Notice  : There is no Variance: Job may fail.
Notice  : There is no Variance: Job may fail.
Notice  : There is no Variance: Job may fail.
Notice  : There is no Variance: Job may fail.
Notice  : There is no Variance: Job may fail.
Notice  : There is no Variance: Job may fail.
Notice  : There is no Variance: Job may fail.
[1] "Update 22"
[1] "Convergence = FALSE"
  Iteration        1        2        3        4        5        6        7
1    LogLik 21079.92 21079.92 21079.24 21078.89 21079.46 21079.57 21078.62
        8        9       10       11       12       13       14
1 21078.8 21078.38 21078.96 21079.12 21079.06 21079.59 21079.59
Notice  : There is no Variance: Job may fail.
Notice  : There is no Variance: Job may fail.
Notice  : There is no Variance: Job may fail.
Notice  : There is no Variance: Job may fail.
Notice  : There is no Variance: Job may fail.
Notice  : There is no Variance: Job may fail.
Notice  : There is no Variance: Job may fail.
Notice  : There is no Variance: Job may fail.
Notice  : There is no Variance: Job may fail.
Notice  : There is no Variance: Job may fail.
Notice  : There is no Variance: Job may fail.
Notice  : There is no Variance: Job may fail.
Notice  : There is no Variance: Job may fail.
[1] "Update 23"
[1] "Convergence = FALSE"
  Iteration        1        2        3       4        5        6        7
1    LogLik 21078.87 21079.03 21079.11 21078.9 21078.87 21079.11 21079.44
         8        9       10       11       12       13       14
1 21079.02 21080.36 21079.26 21079.71 21080.12 21079.51 21079.51
