
R version 4.4.2 (2024-10-31) -- "Pile of Leaves"
Copyright (C) 2024 The R Foundation for Statistical Computing
Platform: x86_64-redhat-linux-gnu

R is free software and comes with ABSOLUTELY NO WARRANTY.
You are welcome to redistribute it under certain conditions.
Type 'license()' or 'licence()' for distribution details.

R is a collaborative project with many contributors.
Type 'contributors()' for more information and
'citation()' on how to cite R or R packages in publications.

Type 'demo()' for some demos, 'help()' for on-line help, or
'help.start()' for an HTML browser interface to help.
Type 'q()' to quit R.

Online License checked out Mon Mar 10 09:35:57 2025
[Previously saved workspace restored]

> # Multi-Trait Multi-Environment models ----
> # This script fits Multi-Trait Multi-Environment models
> 
> # Clean workspace
> rm(list = objects())  # Removes all objects from the environment.
> 
> # Packages ----
> library(tidyverse) # R packages for data science.
── Attaching core tidyverse packages ──────────────────────── tidyverse 2.0.0 ──
✔ dplyr     1.1.4     ✔ readr     2.1.5
✔ forcats   1.0.0     ✔ stringr   1.5.1
✔ ggplot2   3.5.1     ✔ tibble    3.2.1
✔ lubridate 1.9.4     ✔ tidyr     1.3.1
✔ purrr     1.0.2     
── Conflicts ────────────────────────────────────────── tidyverse_conflicts() ──
✖ dplyr::filter() masks stats::filter()
✖ dplyr::lag()    masks stats::lag()
ℹ Use the conflicted package (<http://conflicted.r-lib.org/>) to force all conflicts to become errors
> library(asreml) # ASReml-R package.
Loading required package: Matrix

Attaching package: ‘Matrix’

The following objects are masked from ‘package:tidyr’:

    expand, pack, unpack

Loading ASReml-R version 4.2

> source("Functions_MTME.R")  # Load functions
> 
> # Use for HPC only
> setwd('~/MTME_ILWheat/')
> 
> # Load data ----
> ## Pheno & Ginv
> load('Data/ILYT_Pheno-Gmatrix.RData')
> 
> # Fit rr6ap1 model ----
> k <- 6
> ## Run model ----
> MTME.z_rr6ap1.asr <- asreml(
+   Pheno_z ~ TraitEnv,
+   random = ~ rr(TraitEnv,6):vm(Gkeep, Ginv.sparse) + diag(TraitEnv):vm(Gkeep, Ginv.sparse) +
+     rr(TraitEnv,1):Gkeep + diag(TraitEnv):Gkeep +
+     diag(TraitEnv):Block,
+   residual = ~ dsum(~ ar1(Col):ar1(Row) | TraitEnv),
+   sparse = ~ TraitEnv:Gdrop,
+   data = ILYT_Pheno,
+   na.action = na.method(x = 'include'),
+   maxit = 13,
+   workspace = '96gb'
+ )
Warning messages:
1: In asreml(Pheno_z ~ TraitEnv, random = ~rr(TraitEnv, 6):vm(Gkeep,  :
  Log-likelihood not converged
2: In asreml(Pheno_z ~ TraitEnv, random = ~rr(TraitEnv, 6):vm(Gkeep,  :
  Some components changed by more than 1% on the last iteration
> 
> # Print model info
> print(paste('convergence =', MTME.z_rr6ap1.asr$converge))
[1] "convergence = FALSE"
> MTME.z_rr6ap1.asr$trace |>
+   as.data.frame() |> rownames_to_column('Iteration') |>
+   filter(Iteration=='LogLik') |> print()
  Iteration       1        2        3        4       5        6        7
1    LogLik 7220.38 13585.36 15852.79 17184.99 17922.6 18360.87 18678.03
         8        9       10       11       12       13       14
1 18916.26 19082.12 19176.62 19258.18 19294.33 19327.78 19327.78
> 
> # Save
> save.image('Data/MTME.z_rr6ap1.RData')
> 
> # Update model ----
> MTME.z_rr6ap1.asr <- update_asreml(MTME.z_rr6ap1.asr, 
+                                  max_updates = 50,
+                                  save_path = "Data/MTME.z_rr6ap1.RData")
[1] "Update 1"
[1] "Convergence = FALSE"
  Iteration        1        2        3        4        5        6        7
1    LogLik 19349.73 19357.96 19371.78 19386.32 19393.96 19399.57 19403.47
         8        9       10      11       12       13       14
1 19407.25 19410.42 19413.79 19416.7 19419.02 19421.56 19421.56
[1] "Update 2"
[1] "Convergence = FALSE"
  Iteration       1        2        3        4        5        6       7
1    LogLik 19423.9 19424.85 19427.35 19430.01 19433.36 19436.22 19439.2
         8        9      10       11       12       13       14
1 19442.51 19446.09 19450.9 19457.73 19464.67 19470.97 19470.97
[1] "Update 3"
[1] "Convergence = FALSE"
  Iteration        1        2       3       4        5        6        7
1    LogLik 19476.52 19477.78 19480.2 19483.3 19485.71 19488.14 19489.89
         8        9       10       11       12       13       14
1 19491.29 19492.37 19493.43 19494.59 19495.82 19497.11 19497.11
[1] "Update 4"
[1] "Convergence = FALSE"
  Iteration        1        2        3        4        5        6        7
1    LogLik 19498.36 19498.53 19499.18 19499.56 19499.98 19500.45 19500.69
         8        9       10      11       12       13       14
1 19500.99 19501.36 19501.75 19501.9 19502.07 19502.28 19502.28
