
R version 4.4.2 (2024-10-31) -- "Pile of Leaves"
Copyright (C) 2024 The R Foundation for Statistical Computing
Platform: x86_64-redhat-linux-gnu

R is free software and comes with ABSOLUTELY NO WARRANTY.
You are welcome to redistribute it under certain conditions.
Type 'license()' or 'licence()' for distribution details.

R is a collaborative project with many contributors.
Type 'contributors()' for more information and
'citation()' on how to cite R or R packages in publications.

Type 'demo()' for some demos, 'help()' for on-line help, or
'help.start()' for an HTML browser interface to help.
Type 'q()' to quit R.

Online License checked out Mon Mar  3 10:41:24 2025
[Previously saved workspace restored]

> # Multi-Trait Multi-Environment models ----
> # This script fits Multi-Trait Multi-Environment models
> 
> # Clean workspace
> rm(list = objects())  # Removes all objects from the environment.
> 
> # Packages ----
> library(tidyverse) # R packages for data science.
── Attaching core tidyverse packages ──────────────────────── tidyverse 2.0.0 ──
✔ dplyr     1.1.4     ✔ readr     2.1.5
✔ forcats   1.0.0     ✔ stringr   1.5.1
✔ ggplot2   3.5.1     ✔ tibble    3.2.1
✔ lubridate 1.9.4     ✔ tidyr     1.3.1
✔ purrr     1.0.2     
── Conflicts ────────────────────────────────────────── tidyverse_conflicts() ──
✖ dplyr::filter() masks stats::filter()
✖ dplyr::lag()    masks stats::lag()
ℹ Use the conflicted package (<http://conflicted.r-lib.org/>) to force all conflicts to become errors
> library(asreml) # ASReml-R package.
Loading required package: Matrix

Attaching package: ‘Matrix’

The following objects are masked from ‘package:tidyr’:

    expand, pack, unpack

Loading ASReml-R version 4.2

> source("Functions_MTME.R")  # Load functions
> 
> # Use for HPC only
> setwd('~/MTME_ILWheat/')
> 
> # Load data ----
> ## Pheno & Ginv
> load('Data/ILYT_Pheno-Gmatrix.RData')
> 
> # Fit rr4ap1 model ----
> k <- 4
> ## Run model ----
> MTME.z_rr4ap1.asr <- asreml(
+   Pheno_z ~ TraitEnv,
+   random = ~ rr(TraitEnv,4):vm(Gkeep, Ginv.sparse) + diag(TraitEnv):vm(Gkeep, Ginv.sparse) +
+     rr(TraitEnv,1):Gkeep + diag(TraitEnv):Gkeep +
+     diag(TraitEnv):Block,
+   residual = ~ dsum(~ ar1(Col):ar1(Row) | TraitEnv),
+   sparse = ~ TraitEnv:Gdrop,
+   data = ILYT_Pheno,
+   na.action = na.method(x = 'include'),
+   maxit = 13,
+   workspace = '80gb'
+ )
Warning messages:
1: In asreml(Pheno_z ~ TraitEnv, random = ~rr(TraitEnv, 4):vm(Gkeep,  :
  Log-likelihood not converged
2: In asreml(Pheno_z ~ TraitEnv, random = ~rr(TraitEnv, 4):vm(Gkeep,  :
  Some components changed by more than 1% on the last iteration
> 
> # Print model info
> print(paste('convergence =', MTME.z_rr4ap1.asr$converge))
[1] "convergence = FALSE"
> MTME.z_rr4ap1.asr$trace |>
+   as.data.frame() |> rownames_to_column('Iteration') |>
+   filter(Iteration=='LogLik') |> print()
  Iteration       1        2        3        4       5        6        7
1    LogLik 8199.01 13562.98 14923.25 15810.31 16459.7 17276.18 17933.82
         8        9       10       11       12       13       14
1 18337.53 18597.38 18749.82 18843.97 18922.38 18967.19 18967.19
> 
> # Save
> save.image('Data/MTME.z_rr4ap1.RData')
> 
> # Update model ----
> MTME.z_rr4ap1.asr <- update_asreml(MTME.z_rr4ap1.asr, 
+                                  max_updates = 50,
+                                  save_path = "Data/MTME.z_rr4ap1.RData")
[1] "Update 1"
[1] "Convergence = FALSE"
  Iteration        1        2        3        4        5        6        7
1    LogLik 18982.66 18996.27 19017.75 19036.51 19051.86 19061.75 19067.67
         8        9       10       11       12       13       14
1 19073.28 19077.57 19081.57 19084.75 19087.38 19089.64 19089.64
[1] "Update 2"
[1] "Convergence = FALSE"
  Iteration        1        2        3        4        5        6        7
1    LogLik 19091.62 19092.76 19094.21 19096.26 19097.93 19099.32 19101.12
         8        9       10       11       12       13       14
1 19102.25 19103.61 19105.07 19106.39 19107.45 19107.92 19107.92
[1] "Update 3"
[1] "Convergence = FALSE"
  Iteration        1        2        3        4        5        6       7
1    LogLik 19108.42 19108.55 19109.03 19109.56 19110.13 19110.81 19111.6
         8        9       10       11       12       13       14
1 19112.51 19113.13 19113.83 19114.67 19115.64 19116.83 19116.83
[1] "Update 4"
[1] "Convergence = FALSE"
  Iteration        1        2        3        4        5        6        7
1    LogLik 19118.26 19118.65 19120.03 19121.65 19123.54 19125.75 19127.81
         8        9       10       11       12       13       14
1 19130.18 19132.79 19135.19 19137.39 19139.47 19141.45 19141.45
[1] "Update 5"
[1] "Convergence = FALSE"
  Iteration        1        2        3        4        5        6        7
1    LogLik 19143.34 19144.06 19146.52 19148.99 19151.45 19153.98 19156.59
         8        9       10       11       12       13       14
1 19158.56 19160.69 19162.95 19164.85 19166.63 19168.25 19168.25
[1] "Update 6"
[1] "Convergence = FALSE"
  Iteration       1        2        3        4        5        6        7
1    LogLik 19170.2 19170.86 19173.21 19175.74 19177.82 19180.19 19182.21
         8        9       10       11       12       13       14
1 19184.48 19186.88 19189.35 19191.21 19192.67 19194.18 19194.18
[1] "Update 7"
[1] "Convergence = FALSE"
  Iteration        1        2        3        4        5        6        7
1    LogLik 19195.88 19196.36 19198.04 19199.68 19201.24 19202.76 19203.76
         8        9       10       11       12       13       14
1 19204.79 19205.79 19206.73 19207.68 19208.25 19208.84 19208.84
[1] "Update 8"
[1] "Convergence = FALSE"
  Iteration        1        2        3        4        5        6        7
1    LogLik 19209.42 19209.55 19210.01 19210.46 19210.91 19211.43 19212.07
         8        9       10       11       12       13       14
1 19212.32 19212.57 19212.84 19213.13 19213.28 19213.44 19213.44
[1] "Update 9"
[1] "Convergence = FALSE"
  Iteration        1        2        3        4        5        6       7
1    LogLik 19213.65 19213.69 19213.84 19214.02 19214.25 19214.61 19214.7
         8        9       10       11       12       13       14
1 19214.83 19214.99 19215.19 19215.27 19215.36 19215.51 19215.51
[1] "Update 10"
[1] "Convergence = FALSE"
  Iteration        1        2        3        4        5        6       7
1    LogLik 19215.71 19215.73 19215.83 19215.97 19216.16 19216.22 19216.3
         8        9       10    11       12       13       14
1 19216.44 19216.62 19216.94 19217 19217.09 19217.21 19217.21
[1] "Update 11"
[1] "Convergence = FALSE"
  Iteration        1        2        3        4        5        6        7
1    LogLik 19217.37 19217.39 19217.47 19217.58 19217.74 19217.99 19218.36
         8        9       10       11       12       13       14
1 19218.41 19218.47 19218.56 19218.66 19218.84 19218.87 19218.87
[1] "Update 12"
[1] "Convergence = FALSE"
  Iteration        1        2        3        4        5        6        7
1    LogLik 19218.92 19218.93 19218.98 19219.04 19219.12 19219.26 19219.45
         8        9       10       11       12       13       14
1 19219.68 19219.92 19219.96 19219.99 19220.02 19220.06 19220.06
[1] "Update 13"
[1] "Convergence = FALSE"
  Iteration        1        2        3        4        5        6        7
1    LogLik 19220.13 19220.13 19220.15 19220.18 19220.21 19220.26 19220.34
         8        9       10       11       12      13      14
1 19220.44 19220.55 19220.64 19220.72 19220.77 19220.8 19220.8
[1] "Update 14"
[1] "Convergence = FALSE"
  Iteration        1        2        3        4        5        6        7
1    LogLik 19220.82 19220.83 19220.84 19220.85 19220.86 19220.87 19220.88
         8       9       10       11       12       13       14
1 19220.89 19220.9 19220.91 19220.92 19220.93 19220.94 19220.94
[1] "Update 15"
[1] "Convergence = FALSE"
  Iteration        1        2        3        4        5        6        7
1    LogLik 19220.95 19220.95 19220.95 19220.96 19220.97 19220.97 19220.98
         8        9       10    11    12       13       14
1 19220.98 19220.99 19220.99 19221 19221 19221.01 19221.01
[1] "Update 16"
[1] "Convergence = FALSE"
  Iteration        1        2        3        4        5        6        7
1    LogLik 19228.95 19229.65 19229.66 19229.21 19229.81 19221.03 19221.03
         8        9       10       11       12       13       14
1 19221.03 19221.03 19221.04 19221.04 19221.05 19221.05 19221.05
[1] "Update 17"
[1] "Convergence = FALSE"
  Iteration        1        2        3        4        5        6        7
1    LogLik 19221.05 19221.06 19221.06 19221.06 19221.06 19221.07 19221.07
         8        9       10       11       12       13       14
1 19221.07 19221.08 19221.08 19221.08 19221.09 19221.09 19221.09
[1] "Update 18"
[1] "Convergence = FALSE"
  Iteration        1        2       3       4       5       6        7        8
1    LogLik 19221.09 19221.09 19221.1 19221.1 19221.1 19221.1 19221.11 19221.11
         9       10       11       12       13       14
1 19221.11 19221.12 19221.12 19221.12 19221.12 19221.12
[1] "Update 19"
[1] "Convergence = FALSE"
  Iteration        1        2        3        4        5        6        7
1    LogLik 19221.13 19221.13 19221.13 19221.13 19221.13 19221.14 19221.14
         8        9       10       11       12       13       14
1 19221.14 19221.14 19221.15 19221.15 19221.15 19221.16 19221.16
[1] "Update 20"
[1] "Convergence = TRUE"
  Iteration        1        2        3
1    LogLik 19221.16 19221.16 19221.16
[1] "Model successfully converged!"
There were 40 warnings (use warnings() to see them)
> 
> # Save
> save.image('Data/MTME.z_rr4ap1.RData')
> 
> proc.time()
     user    system   elapsed 
754868.30  33947.29 333766.29 
