
R version 4.4.2 (2024-10-31) -- "Pile of Leaves"
Copyright (C) 2024 The R Foundation for Statistical Computing
Platform: x86_64-redhat-linux-gnu

R is free software and comes with ABSOLUTELY NO WARRANTY.
You are welcome to redistribute it under certain conditions.
Type 'license()' or 'licence()' for distribution details.

R is a collaborative project with many contributors.
Type 'contributors()' for more information and
'citation()' on how to cite R or R packages in publications.

Type 'demo()' for some demos, 'help()' for on-line help, or
'help.start()' for an HTML browser interface to help.
Type 'q()' to quit R.

Online License checked out Fri Feb 28 10:56:31 2025
[Previously saved workspace restored]

> # Multi-Trait Multi-Environment models ----
> # This script fits Multi-Trait Multi-Environment models
> 
> # Clean workspace
> rm(list = objects())  # Removes all objects from the environment.
> 
> # Packages ----
> library(tidyverse) # R packages for data science.
── Attaching core tidyverse packages ──────────────────────── tidyverse 2.0.0 ──
✔ dplyr     1.1.4     ✔ readr     2.1.5
✔ forcats   1.0.0     ✔ stringr   1.5.1
✔ ggplot2   3.5.1     ✔ tibble    3.2.1
✔ lubridate 1.9.4     ✔ tidyr     1.3.1
✔ purrr     1.0.2     
── Conflicts ────────────────────────────────────────── tidyverse_conflicts() ──
✖ dplyr::filter() masks stats::filter()
✖ dplyr::lag()    masks stats::lag()
ℹ Use the conflicted package (<http://conflicted.r-lib.org/>) to force all conflicts to become errors
> library(asreml) # ASReml-R package.
Loading required package: Matrix

Attaching package: ‘Matrix’

The following objects are masked from ‘package:tidyr’:

    expand, pack, unpack

Loading ASReml-R version 4.2

> source("Functions_MTME.R")  # Load functions
> 
> # Use for HPC only
> setwd('~/MTME_ILWheat/')
> 
> # Load data ----
> ## Pheno & Ginv
> load('Data/ILYT_Pheno-Gmatrix.RData')
> 
> # Fit rr1ap1 model ----
> k <- 1
> ## Run model ----
> MTME.z_rr1ap1.asr <- asreml(
+   Pheno_z ~ TraitEnv,
+   random = ~ rr(TraitEnv,1):vm(Gkeep, Ginv.sparse) + diag(TraitEnv):vm(Gkeep, Ginv.sparse) +
+     rr(TraitEnv,1):Gkeep + diag(TraitEnv):Gkeep +
+     diag(TraitEnv):Block,
+   residual = ~ dsum(~ ar1(Col):ar1(Row) | TraitEnv),
+   sparse = ~ TraitEnv:Gdrop,
+   data = ILYT_Pheno,
+   na.action = na.method(x = 'include'),
+   maxit = 13,
+   workspace = '16gb'
+ )
Warning messages:
1: In asreml(Pheno_z ~ TraitEnv, random = ~rr(TraitEnv, 1):vm(Gkeep,  :
  Log-likelihood not converged
2: In asreml(Pheno_z ~ TraitEnv, random = ~rr(TraitEnv, 1):vm(Gkeep,  :
  Some components changed by more than 1% on the last iteration
> 
> # Print model info
> print(paste('convergence =', MTME.z_rr1ap1.asr$converge))
[1] "convergence = FALSE"
> MTME.z_rr1ap1.asr$trace |>
+   as.data.frame() |> rownames_to_column('Iteration') |>
+   filter(Iteration=='LogLik') |> print()
  Iteration        1        2        3        4        5        6        7
1    LogLik 8952.495 11896.37 14101.18 15162.14 15881.26 16375.69 16675.96
         8        9       10       11       12      13      14
1 16914.48 17057.84 17117.08 17194.94 17283.62 17342.7 17342.7
> 
> # Save
> save.image('Data/MTME.z_rr1ap1.RData')
> 
> # Update model ----
> MTME.z_rr1ap1.asr <- update_asreml(MTME.z_rr1ap1.asr, 
+                                  max_updates = 10,
+                                  save_path = "Data/MTME.z_rr1ap1.RData")
[1] "Update 1"
[1] "Convergence = FALSE"
  Iteration        1        2        3        4        5        6        7
1    LogLik 17377.52 17384.65 17394.17 17404.86 17411.63 17416.46 17420.09
         8        9       10       11       12       13       14
1 17422.34 17423.89 17424.97 17425.98 17426.74 17427.32 17427.32
[1] "Update 2"
[1] "Convergence = FALSE"
  Iteration        1        2        3        4        5        6        7
1    LogLik 17427.93 17428.11 17428.71 17429.28 17429.81 17430.31 17430.79
         8        9       10       11       12       13       14
1 17431.24 17431.67 17432.08 17432.47 17432.84 17433.19 17433.19
[1] "Update 3"
[1] "Convergence = FALSE"
  Iteration        1        2       3        4        5        6        7
1    LogLik 17433.53 17433.61 17433.9 17434.18 17434.45 17434.72 17434.97
         8        9       10       11       12       13       14
1 17435.21 17435.44 17435.66 17435.86 17436.06 17436.24 17436.24
[1] "Update 4"
[1] "Convergence = FALSE"
  Iteration        1        2        3        4       5        6        7
1    LogLik 17436.42 17436.46 17436.61 17436.76 17436.9 17437.04 17437.17
         8        9       10       11       12       13       14
1 17437.29 17437.41 17437.52 17437.62 17437.72 17437.82 17437.82
[1] "Update 5"
[1] "Convergence = FALSE"
  Iteration        1        2        3        4        5        6        7
1    LogLik 17437.91 17437.93 17438.01 17438.08 17438.15 17438.22 17438.29
         8        9       10       11       12       13       14
1 17438.35 17438.41 17438.46 17438.52 17438.57 17438.62 17438.62
[1] "Update 6"
[1] "Convergence = FALSE"
  Iteration        1        2        3        4        5        6        7
1    LogLik 17438.66 17438.67 17438.71 17438.75 17438.78 17438.82 17438.85
         8        9       10       11       12       13       14
1 17438.88 17438.91 17438.94 17438.97 17438.99 17439.01 17439.01
[1] "Update 7"
[1] "Convergence = FALSE"
  Iteration        1        2        3        4       5        6        7
1    LogLik 17439.04 17439.04 17439.06 17439.08 17439.1 17439.12 17439.13
         8        9       10       11      12       13       14
1 17439.15 17439.16 17439.18 17439.19 17439.2 17439.21 17439.21
[1] "Update 8"
[1] "Convergence = FALSE"
  Iteration        1        2        3        4        5        6        7
1    LogLik 17439.22 17439.23 17439.24 17439.25 17439.26 17439.26 17439.27
         8        9       10      11       12       13       14
1 17439.28 17439.29 17439.29 17439.3 17439.31 17439.31 17439.31
[1] "Update 9"
[1] "Convergence = FALSE"
  Iteration        1        2        3        4        5        6        7
1    LogLik 17439.32 17439.32 17439.33 17439.33 17439.33 17439.34 17439.34
         8        9       10       11       12       13       14
1 17439.35 17439.35 17439.35 17439.36 17439.36 17439.36 17439.36
[1] "Update 10"
[1] "Convergence = TRUE"
  Iteration        1        2        3        4        5        6        7
1    LogLik 17439.37 17439.37 17439.37 17439.37 17439.37 17439.38 17439.38
         8        9       10
1 17439.38 17439.38 17439.38
[1] "Model successfully converged!"
There were 19 warnings (use warnings() to see them)
> 
> # Save
> save.image('Data/MTME.z_rr1ap1.RData')
> 
> proc.time()
      user     system    elapsed 
152968.054   9046.094  45193.044 
