
R version 4.4.2 (2024-10-31) -- "Pile of Leaves"
Copyright (C) 2024 The R Foundation for Statistical Computing
Platform: x86_64-redhat-linux-gnu

R is free software and comes with ABSOLUTELY NO WARRANTY.
You are welcome to redistribute it under certain conditions.
Type 'license()' or 'licence()' for distribution details.

R is a collaborative project with many contributors.
Type 'contributors()' for more information and
'citation()' on how to cite R or R packages in publications.

Type 'demo()' for some demos, 'help()' for on-line help, or
'help.start()' for an HTML browser interface to help.
Type 'q()' to quit R.

Online License checked out Tue Feb 25 14:18:08 2025
[Previously saved workspace restored]

> # Multi-Trait Multi-Environment models ----
> # This script fits Multi-Trait Multi-Environment models
> 
> # Clean workspace
> rm(list = objects())  # Removes all objects from the environment.
> 
> # Packages ----
> library(tidyverse) # R packages for data science.
── Attaching core tidyverse packages ──────────────────────── tidyverse 2.0.0 ──
✔ dplyr     1.1.4     ✔ readr     2.1.5
✔ forcats   1.0.0     ✔ stringr   1.5.1
✔ ggplot2   3.5.1     ✔ tibble    3.2.1
✔ lubridate 1.9.4     ✔ tidyr     1.3.1
✔ purrr     1.0.2     
── Conflicts ────────────────────────────────────────── tidyverse_conflicts() ──
✖ dplyr::filter() masks stats::filter()
✖ dplyr::lag()    masks stats::lag()
ℹ Use the conflicted package (<http://conflicted.r-lib.org/>) to force all conflicts to become errors
> library(asreml) # ASReml-R package.
Loading required package: Matrix

Attaching package: ‘Matrix’

The following objects are masked from ‘package:tidyr’:

    expand, pack, unpack

Loading ASReml-R version 4.2

> source("Functions_MTME.R")  # Load functions
> 
> # Use for HPC only
> setwd('~/MTME_ILWheat/')
> 
> # Load data ----
> ## Pheno & Ginv
> load('Data/ILYT_Pheno-Gmatrix.RData')
> 
> # Fit rr4a model ----
> k <- 4
> ## Run model ----
> MTME.z_rr4a.asr <- asreml(
+   Pheno_z ~ TraitEnv,
+   random = ~ rr(TraitEnv,4):vm(Gkeep, Ginv.sparse) + diag(TraitEnv):vm(Gkeep, Ginv.sparse),
+   residual = ~ dsum(~ ar1(Col):ar1(Row) | TraitEnv),
+   sparse = ~ TraitEnv:Gdrop,
+   data = ILYT_Pheno,
+   na.action = na.method(x = 'include'),
+   maxit = 13,
+   workspace = '80gb'
+ )
Warning messages:
1: In asreml(Pheno_z ~ TraitEnv, random = ~rr(TraitEnv, 4):vm(Gkeep,  :
  Log-likelihood not converged
2: In asreml(Pheno_z ~ TraitEnv, random = ~rr(TraitEnv, 4):vm(Gkeep,  :
  Some components changed by more than 1% on the last iteration
> 
> # Print model info
> print(paste('convergence =', MTME.z_rr4a.asr$converge))
[1] "convergence = FALSE"
> MTME.z_rr4a.asr$trace |>
+   as.data.frame() |> rownames_to_column('Iteration') |>
+   filter(Iteration=='LogLik') |> print()
  Iteration        1        2        3        4        5        6        7
1    LogLik 9190.947 12659.28 15346.69 16672.92 17316.98 17640.64 17817.34
         8        9       10       11       12      13      14
1 17921.28 17987.28 18032.24 18074.33 18102.96 18124.8 18124.8
> 
> # Save
> save.image('Data/MTME.z_rr4a.RData')
> 
> # Update model ----
> MTME.z_rr4a.asr <- update_asreml(MTME.z_rr4a.asr, 
+                                  max_updates = 20,
+                                  save_path = "Data/MTME.z_rr4a.RData")
[1] "Update 1"
[1] "Convergence = FALSE"
  Iteration        1       2        3        4        5        6        7
1    LogLik 18141.07 18149.6 18159.83 18173.17 18184.52 18191.59 18196.52
         8        9       10       11       12       13       14
1 18200.37 18204.59 18207.94 18210.34 18212.53 18215.48 18215.48
[1] "Update 2"
[1] "Convergence = FALSE"
  Iteration        1        2        3        4     5        6        7
1    LogLik 18217.38 18218.09 18218.96 18220.17 18221 18222.17 18222.94
         8        9       10       11       12       13       14
1 18223.54 18224.34 18225.18 18225.92 18226.18 18226.37 18226.37
[1] "Update 3"
[1] "Convergence = FALSE"
  Iteration        1        2        3        4       5        6        7
1    LogLik 18226.51 18226.57 18226.71 18226.88 18227.1 18227.19 18227.31
         8        9      10       11       12       13       14
1 18227.47 18227.66 18227.9 18227.94 18227.99 18228.06 18228.06
[1] "Update 4"
[1] "Convergence = FALSE"
  Iteration        1        2        3        4        5        6        7
1    LogLik 18228.15 18228.15 18228.19 18228.23 18228.29 18228.38 18228.49
        8       9       10       11       12       13       14
1 18228.6 18228.7 18228.79 18228.89 18228.91 18228.92 18228.92
[1] "Update 5"
[1] "Convergence = FALSE"
  Iteration        1        2        3        4        5        6        7
1    LogLik 18228.92 18228.92 18228.93 18228.93 18228.94 18228.95 18228.97
         8        9       10      11       12       13       14
1 18229.01 18229.06 18229.15 18229.3 18229.37 18229.38 18229.38
[1] "Update 6"
[1] "Convergence = FALSE"
  Iteration       1       2        3        4        5        6        7
1    LogLik 18229.4 18229.4 18229.41 18229.42 18229.44 18229.47 18229.54
         8        9       10      11       12       13       14
1 18229.66 18229.87 18229.89 18229.9 18229.92 18229.95 18229.95
[1] "Update 7"
[1] "Convergence = FALSE"
  Iteration        1        2        3        4       5        6        7
1    LogLik 18230.02 18230.02 18230.04 18230.06 18230.1 18230.17 18230.31
         8        9       10      11       12       13       14
1 18230.32 18230.33 18230.36 18230.4 18230.49 18230.66 18230.66
[1] "Update 8"
[1] "Convergence = FALSE"
  Iteration        1        2       3        4        5        6        7
1    LogLik 18230.67 18230.67 18230.7 18230.73 18230.78 18230.89 18231.09
        8        9       10       11       12       13       14
1 18231.1 18231.12 18231.16 18231.23 18231.35 18231.36 18231.36
[1] "Update 9"
[1] "Convergence = FALSE"
  Iteration        1        2        3        4        5        6       7
1    LogLik 18231.39 18231.39 18231.42 18231.46 18231.53 18231.66 18231.9
         8        9    10       11       12       13       14
1 18231.92 18231.95 18232 18232.07 18232.21 18232.23 18232.23
[1] "Update 10"
[1] "Convergence = FALSE"
  Iteration        1        2        3        4        5        6        7
1    LogLik 18232.26 18232.26 18232.29 18232.34 18232.42 18232.57 18232.58
         8        9       10       11      12       13       14
1 18232.61 18232.66 18232.74 18232.89 18232.9 18232.93 18232.93
[1] "Update 11"
[1] "Convergence = FALSE"
  Iteration        1        2        3        4        5        6        7
1    LogLik 18232.98 18232.99 18233.02 18233.07 18233.14 18233.29 18233.31
         8        9       10      11       12       13       14
1 18233.34 18233.39 18233.46 18233.6 18233.61 18233.64 18233.64
[1] "Update 12"
[1] "Convergence = FALSE"
  Iteration        1        2        3        4        5        6        7
1    LogLik 18233.69 18233.69 18233.72 18233.77 18233.84 18233.97 18234.19
        8        9       10       11       12       13       14
1 18234.2 18234.23 18234.27 18234.33 18234.44 18234.45 18234.45
[1] "Update 13"
[1] "Convergence = FALSE"
  Iteration        1        2       3        4        5        6        7
1    LogLik 18234.48 18234.48 18234.5 18234.54 18234.59 18234.69 18234.85
         8        9       10       11       12       13       14
1 18235.07 18235.32 18235.54 18235.71 18235.83 18235.88 18235.88
[1] "Update 14"
[1] "Convergence = TRUE"
  Iteration        1        2        3
1    LogLik 18235.89 18235.89 18235.89
[1] "Model successfully converged!"
There were 27 warnings (use warnings() to see them)
> 
> # Save
> save.image('Data/MTME.z_rr4a.RData')
> 
> proc.time()
     user    system   elapsed 
892048.91  41754.37 297167.95 
