
R version 4.4.2 (2024-10-31) -- "Pile of Leaves"
Copyright (C) 2024 The R Foundation for Statistical Computing
Platform: x86_64-redhat-linux-gnu

R is free software and comes with ABSOLUTELY NO WARRANTY.
You are welcome to redistribute it under certain conditions.
Type 'license()' or 'licence()' for distribution details.

R is a collaborative project with many contributors.
Type 'contributors()' for more information and
'citation()' on how to cite R or R packages in publications.

Type 'demo()' for some demos, 'help()' for on-line help, or
'help.start()' for an HTML browser interface to help.
Type 'q()' to quit R.

Online License checked out Mon Mar  3 10:41:24 2025
[Previously saved workspace restored]

> # Multi-Trait Multi-Environment models ----
> # This script fits Multi-Trait Multi-Environment models
> 
> # Clean workspace
> rm(list = objects())  # Removes all objects from the environment.
> 
> # Packages ----
> library(tidyverse) # R packages for data science.
── Attaching core tidyverse packages ──────────────────────── tidyverse 2.0.0 ──
✔ dplyr     1.1.4     ✔ readr     2.1.5
✔ forcats   1.0.0     ✔ stringr   1.5.1
✔ ggplot2   3.5.1     ✔ tibble    3.2.1
✔ lubridate 1.9.4     ✔ tidyr     1.3.1
✔ purrr     1.0.2     
── Conflicts ────────────────────────────────────────── tidyverse_conflicts() ──
✖ dplyr::filter() masks stats::filter()
✖ dplyr::lag()    masks stats::lag()
ℹ Use the conflicted package (<http://conflicted.r-lib.org/>) to force all conflicts to become errors
> library(asreml) # ASReml-R package.
Loading required package: Matrix

Attaching package: ‘Matrix’

The following objects are masked from ‘package:tidyr’:

    expand, pack, unpack

Loading ASReml-R version 4.2

> source("Functions_MTME.R")  # Load functions
> 
> # Use for HPC only
> setwd('~/MTME_ILWheat/')
> 
> # Load data ----
> ## Pheno & Ginv
> load('Data/ILYT_Pheno-Gmatrix.RData')
> 
> # Fit rr5ap1 model ----
> k <- 5
> ## Run model ----
> MTME.z_rr5ap1.asr <- asreml(
+   Pheno_z ~ TraitEnv,
+   random = ~ rr(TraitEnv,5):vm(Gkeep, Ginv.sparse) + diag(TraitEnv):vm(Gkeep, Ginv.sparse) +
+     rr(TraitEnv,1):Gkeep + diag(TraitEnv):Gkeep +
+     diag(TraitEnv):Block,
+   residual = ~ dsum(~ ar1(Col):ar1(Row) | TraitEnv),
+   sparse = ~ TraitEnv:Gdrop,
+   data = ILYT_Pheno,
+   na.action = na.method(x = 'include'),
+   maxit = 13,
+   workspace = '96gb'
+ )
Warning messages:
1: In asreml(Pheno_z ~ TraitEnv, random = ~rr(TraitEnv, 5):vm(Gkeep,  :
  Log-likelihood not converged
2: In asreml(Pheno_z ~ TraitEnv, random = ~rr(TraitEnv, 5):vm(Gkeep,  :
  Some components changed by more than 1% on the last iteration
> 
> # Print model info
> print(paste('convergence =', MTME.z_rr5ap1.asr$converge))
[1] "convergence = FALSE"
> MTME.z_rr5ap1.asr$trace |>
+   as.data.frame() |> rownames_to_column('Iteration') |>
+   filter(Iteration=='LogLik') |> print()
  Iteration        1        2        3        4     5        6        7
1    LogLik 7794.258 13565.85 15781.22 17087.47 17789 18228.21 18549.06
         8        9       10       11       12       13       14
1 18787.64 18976.38 19053.71 19110.13 19163.11 19197.33 19197.33
> 
> # Save
> save.image('Data/MTME.z_rr5ap1.RData')
> 
> # Update model ----
> MTME.z_rr5ap1.asr <- update_asreml(MTME.z_rr5ap1.asr, 
+                                  max_updates = 50,
+                                  save_path = "Data/MTME.z_rr5ap1.RData")
[1] "Update 1"
[1] "Convergence = FALSE"
  Iteration        1        2       3        4        5        6        7
1    LogLik 19220.64 19230.28 19247.5 19258.15 19267.35 19273.84 19279.38
         8        9       10       11       12       13       14
1 19283.79 19288.38 19293.44 19297.38 19301.91 19306.28 19306.28
[1] "Update 2"
[1] "Convergence = FALSE"
  Iteration        1        2        3        4        5        6       7
1    LogLik 19311.03 19313.43 19316.76 19321.98 19325.83 19329.88 19333.6
         8        9       10       11       12       13       14
1 19337.38 19341.03 19344.44 19347.24 19349.95 19353.24 19353.24
[1] "Update 3"
[1] "Convergence = FALSE"
  Iteration        1        2        3        4        5       6        7
1    LogLik 19355.76 19356.65 19357.89 19360.56 19362.72 19364.5 19365.78
         8        9       10       11       12       13       14
1 19367.29 19368.29 19369.55 19370.31 19370.92 19371.43 19371.43
[1] "Update 4"
[1] "Convergence = FALSE"
  Iteration        1        2        3       4        5        6       7
1    LogLik 19371.87 19372.08 19372.55 19373.2 19373.61 19373.93 19374.2
         8        9       10       11       12       13       14
1 19374.62 19375.29 19375.58 19376.03 19376.27 19376.67 19376.67
[1] "Update 5"
[1] "Convergence = FALSE"
  Iteration        1        2        3        4        5        6       7
1    LogLik 19376.88 19376.96 19377.44 19378.12 19378.32 19378.64 19378.8
         8        9       10       11       12       13       14
1 19379.05 19379.45 19379.59 19379.83 19380.25 19380.36 19380.36
[1] "Update 6"
[1] "Convergence = FALSE"
  Iteration        1        2       3        4        5        6        7
1    LogLik 19380.56 19380.59 19380.8 19381.11 19381.48 19381.55 19381.67
         8        9       10       11       12       13       14
1 19381.87 19382.11 19382.16 19382.24 19382.37 19382.53 19382.53
[1] "Update 7"
[1] "Convergence = FALSE"
  Iteration        1        2        3        4        5        6        7
1    LogLik 19382.77 19382.78 19382.82 19382.89 19382.98 19383.11 19383.27
         8       9       10       11       12       13       14
1 19383.44 19383.6 19383.72 19383.83 19383.91 19383.93 19383.93
[1] "Update 8"
[1] "Convergence = FALSE"
  Iteration        1        2        3        4        5        6        7
1    LogLik 19384.03 19384.04 19384.05 19384.06 19384.06 19384.07 19384.08
        8        9       10       11       12       13       14
1 19384.1 19384.12 19384.17 19384.24 19384.26 19384.27 19384.27
[1] "Update 9"
[1] "Convergence = FALSE"
  Iteration        1        2        3        4        5       6        7
1    LogLik 19384.27 19384.28 19384.28 19384.28 19384.29 19384.3 19384.33
         8        9       10       11       12      13      14
1 19384.37 19384.45 19384.57 19384.58 19384.59 19384.6 19384.6
[1] "Update 10"
[1] "Convergence = FALSE"
  Iteration        1        2        3        4        5        6        7
1    LogLik 19384.62 19384.62 19384.62 19384.63 19384.65 19384.68 19384.74
         8        9       10       11       12       13       14
1 19384.85 19385.03 19385.06 19385.07 19385.09 19385.12 19385.12
[1] "Update 11"
[1] "Convergence = FALSE"
  Iteration        1        2       3        4        5        6        7
1    LogLik 19385.18 19385.19 19385.2 19385.22 19385.26 19385.32 19385.45
         8        9       10       11      12      13      14
1 19385.67 19385.69 19385.72 19385.75 19385.8 19385.9 19385.9
[1] "Update 12"
[1] "Convergence = FALSE"
  Iteration        1        2        3        4        5        6        7
1    LogLik 19386.08 19386.08 19386.11 19386.15 19386.22 19386.33 19386.54
         8        9       10       11       12       13       14
1 19386.56 19386.59 19386.64 19386.71 19386.84 19387.06 19387.06
[1] "Update 13"
[1] "Convergence = FALSE"
  Iteration        1        2        3        4        5        6        7
1    LogLik 19387.09 19387.09 19387.13 19387.18 19387.25 19387.39 19387.41
         8        9       10       11      12       13       14
1 19387.44 19387.49 19387.56 19387.69 19387.9 19387.92 19387.92
[1] "Update 14"
[1] "Convergence = FALSE"
  Iteration        1        2        3        4       5        6        7
1    LogLik 19387.95 19387.96 19387.99 19388.03 19388.1 19388.21 19388.37
         8       9       10       11       12       13       14
1 19388.58 19388.8 19389.01 19389.04 19389.06 19389.08 19389.08
[1] "Update 15"
[1] "Convergence = FALSE"
  Iteration        1        2        3        4        5       6        7
1    LogLik 19389.11 19389.11 19389.13 19389.15 19389.17 19389.2 19389.25
         8        9       10       11       12       13       14
1 19389.32 19389.38 19389.45 19389.51 19389.55 19389.59 19389.59
[1] "Update 16"
[1] "Convergence = FALSE"
  Iteration        1        2        3        4        5        6        7
1    LogLik 19389.61 19389.61 19389.62 19389.62 19389.63 19389.63 19389.64
         8        9       10       11       12       13       14
1 19389.64 19389.65 19389.65 19389.65 19389.66 19389.66 19389.66
[1] "Update 17"
[1] "Convergence = TRUE"
  Iteration        1        2        3
1    LogLik 19389.66 19389.66 19389.66
[1] "Model successfully converged!"
There were 33 warnings (use warnings() to see them)
> 
> # Save
> save.image('Data/MTME.z_rr5ap1.RData')
> 
> proc.time()
     user    system   elapsed 
721062.61  29111.17 324677.12 
