
R version 4.4.2 (2024-10-31) -- "Pile of Leaves"
Copyright (C) 2024 The R Foundation for Statistical Computing
Platform: x86_64-redhat-linux-gnu

R is free software and comes with ABSOLUTELY NO WARRANTY.
You are welcome to redistribute it under certain conditions.
Type 'license()' or 'licence()' for distribution details.

R is a collaborative project with many contributors.
Type 'contributors()' for more information and
'citation()' on how to cite R or R packages in publications.

Type 'demo()' for some demos, 'help()' for on-line help, or
'help.start()' for an HTML browser interface to help.
Type 'q()' to quit R.

Online License checked out Tue Mar  4 16:04:34 2025
[Previously saved workspace restored]

> # Multi-Trait Multi-Environment models ----
> # This script fits Multi-Trait Multi-Environment models
> 
> # Clean workspace
> rm(list = objects())  # Removes all objects from the environment.
> 
> # Packages ----
> library(tidyverse) # R packages for data science.
── Attaching core tidyverse packages ──────────────────────── tidyverse 2.0.0 ──
✔ dplyr     1.1.4     ✔ readr     2.1.5
✔ forcats   1.0.0     ✔ stringr   1.5.1
✔ ggplot2   3.5.1     ✔ tibble    3.2.1
✔ lubridate 1.9.4     ✔ tidyr     1.3.1
✔ purrr     1.0.2     
── Conflicts ────────────────────────────────────────── tidyverse_conflicts() ──
✖ dplyr::filter() masks stats::filter()
✖ dplyr::lag()    masks stats::lag()
ℹ Use the conflicted package (<http://conflicted.r-lib.org/>) to force all conflicts to become errors
> library(asreml) # ASReml-R package.
Loading required package: Matrix

Attaching package: ‘Matrix’

The following objects are masked from ‘package:tidyr’:

    expand, pack, unpack

Loading ASReml-R version 4.2

> source("Functions_MTME.R")  # Load functions
> 
> # Use for HPC only
> setwd('~/MTME_ILWheat/')
> 
> # Load data ----
> ## Pheno & Ginv
> load('Data/ILYT_Pheno-Gmatrix.RData')
> 
> # Fit rr6a model ----
> k <- 6
> ## Run model ----
> MTME.z_rr6a.asr <- asreml(
+   Pheno_z ~ TraitEnv,
+   random = ~ rr(TraitEnv,6):vm(Gkeep, Ginv.sparse) + diag(TraitEnv):vm(Gkeep, Ginv.sparse),
+   residual = ~ dsum(~ ar1(Col):ar1(Row) | TraitEnv),
+   sparse = ~ TraitEnv:Gdrop,
+   data = ILYT_Pheno,
+   na.action = na.method(x = 'include'),
+   maxit = 13,
+   workspace = '96gb'
+ )
Warning messages:
1: In asreml(Pheno_z ~ TraitEnv, random = ~rr(TraitEnv, 6):vm(Gkeep,  :
  Log-likelihood not converged
2: In asreml(Pheno_z ~ TraitEnv, random = ~rr(TraitEnv, 6):vm(Gkeep,  :
  Some components changed by more than 1% on the last iteration
> 
> # Print model info
> print(paste('convergence =', MTME.z_rr6a.asr$converge))
[1] "convergence = FALSE"
> MTME.z_rr6a.asr$trace |>
+   as.data.frame() |> rownames_to_column('Iteration') |>
+   filter(Iteration=='LogLik') |> print()
  Iteration        1        2        3        4        5        6        7
1    LogLik 8272.884 12611.09 15593.26 16961.02 17625.03 17951.22 18140.27
        8        9       10      11       12       13       14
1 18275.8 18395.98 18456.55 18503.9 18553.96 18592.26 18592.26
> 
> # Save
> save.image('Data/MTME.z_rr6a.RData')
> 
> # Update model ----
> MTME.z_rr6a.asr <- update_asreml(MTME.z_rr6a.asr, 
+                                  max_updates = 50,
+                                  save_path = "Data/MTME.z_rr6a.RData")
[1] "Update 1"
[1] "Convergence = FALSE"
  Iteration        1        2        3       4        5        6        7
1    LogLik 18619.18 18631.59 18647.36 18665.2 18676.62 18686.82 18696.34
         8        9       10       11       12       13       14
1 18705.42 18711.21 18715.42 18718.77 18721.55 18724.25 18724.25
[1] "Update 2"
[1] "Convergence = FALSE"
  Iteration        1        2        3        4        5        6        7
1    LogLik 18726.36 18727.66 18729.22 18731.34 18733.03 18734.41 18735.39
        8        9       10       11       12       13       14
1 18736.8 18738.49 18739.28 18739.84 18740.28 18740.65 18740.65
[1] "Update 3"
[1] "Convergence = FALSE"
  Iteration        1        2        3        4        5        6        7
1    LogLik 18740.92 18741.08 18741.43 18741.69 18741.91 18742.25 18742.73
        8        9       10       11       12       13       14
1 18743.3 18743.46 18743.71 18744.09 18744.51 18745.08 18745.08
[1] "Update 4"
[1] "Convergence = FALSE"
  Iteration        1        2        3        4        5        6        7
1    LogLik 18745.18 18745.21 18745.33 18745.51 18745.73 18746.07 18746.53
        8        9       10       11       12       13       14
1 18746.6 18746.68 18746.78 18746.93 18747.18 18747.23 18747.23
[1] "Update 5"
[1] "Convergence = FALSE"
  Iteration        1        2        3        4        5        6        7
1    LogLik 18747.29 18747.31 18747.37 18747.47 18747.61 18747.86 18748.28
         8        9       10       11       12       13       14
1 18748.96 18749.06 18749.15 18749.27 18749.44 18749.48 18749.48
[1] "Update 6"
[1] "Convergence = FALSE"
  Iteration        1        2        3        4        5        6        7
1    LogLik 18749.55 18749.56 18749.64 18749.76 18749.94 18749.98 18750.05
         8        9      10       11      12       13       14
1 18750.17 18750.36 18750.4 18750.47 18750.6 18750.79 18750.79
[1] "Update 7"
[1] "Convergence = FALSE"
  Iteration        1        2        3        4        5        6        7
1    LogLik 18750.83 18750.84 18750.92 18751.06 18751.25 18751.63 18751.68
         8        9       10      11       12       13       14
1 18751.77 18751.91 18752.11 18752.5 18752.55 18752.63 18752.63
[1] "Update 8"
[1] "Convergence = FALSE"
  Iteration        1        2        3        4        5        6        7
1    LogLik 18752.77 18752.79 18752.87 18753.01 18753.21 18753.25 18753.32
         8        9      10       11      12      13      14
1 18753.46 18753.66 18753.7 18753.77 18753.9 18754.1 18754.1
[1] "Update 9"
[1] "Convergence = FALSE"
  Iteration        1        2        3        4        5       6        7
1    LogLik 18754.46 18754.48 18754.55 18754.68 18754.86 18755.2 18755.24
         8        9       10       11       12       13       14
1 18755.31 18755.43 18755.59 18755.62 18755.68 18755.79 18755.79
[1] "Update 10"
[1] "Convergence = FALSE"
  Iteration        1        2        3        4        5        6        7
1    LogLik 18755.94 18755.95 18756.01 18756.11 18756.26 18756.28 18756.33
         8        9       10       11       12       13       14
1 18756.42 18756.55 18756.58 18756.62 18756.71 18756.82 18756.82
[1] "Update 11"
[1] "Convergence = FALSE"
  Iteration        1        2       3        4        5        6        7
1    LogLik 18756.85 18756.85 18756.9 18756.98 18757.08 18757.27 18757.29
         8        9       10       11       12       13       14
1 18757.32 18757.38 18757.47 18757.61 18757.81 18757.82 18757.82
[1] "Update 12"
[1] "Convergence = FALSE"
  Iteration        1        2        3        4        5        6        7
1    LogLik 18757.85 18757.85 18757.87 18757.91 18757.95 18758.03 18758.14
         8        9       10       11       12       13       14
1 18758.27 18758.38 18758.48 18758.55 18758.61 18758.73 18758.73
[1] "Update 13"
[1] "Convergence = FALSE"
  Iteration        1        2        3        4        5        6        7
1    LogLik 18758.84 18758.85 18758.89 18758.92 18758.93 18758.95 18758.98
         8        9       10       11       12       13       14
1 18759.01 18759.04 18759.07 18759.11 18759.15 18759.19 18759.19
[1] "Update 14"
[1] "Convergence = FALSE"
  Iteration        1        2        3        4        5        6        7
1    LogLik 18759.22 18759.22 18759.24 18759.26 18759.27 18759.29 18759.31
         8        9       10       11       12       13       14
1 18759.33 18759.35 18759.37 18759.39 18759.41 18759.43 18759.43
[1] "Update 15"
[1] "Convergence = FALSE"
  Iteration        1        2        3        4        5        6        7
1    LogLik 18759.44 18759.45 18759.46 18759.46 18759.47 18759.48 18759.49
        8        9       10       11       12       13       14
1 18759.5 18759.51 18759.52 18759.52 18759.53 18759.54 18759.54
[1] "Update 16"
[1] "Convergence = FALSE"
  Iteration        1        2        3        4        5        6        7
1    LogLik 18759.54 18759.55 18759.55 18759.55 18759.55 18759.56 18759.56
         8        9       10       11       12       13       14
1 18759.56 18759.57 18759.57 18759.57 18759.57 18759.58 18759.58
[1] "Update 17"
[1] "Convergence = TRUE"
  Iteration        1        2        3
1    LogLik 18759.58 18759.58 18759.58
[1] "Model successfully converged!"
There were 33 warnings (use warnings() to see them)
> 
> # Save
> save.image('Data/MTME.z_rr6a.RData')
> 
> proc.time()
     user    system   elapsed 
2418537.5  101257.0  832958.4 
