
R version 4.4.2 (2024-10-31) -- "Pile of Leaves"
Copyright (C) 2024 The R Foundation for Statistical Computing
Platform: x86_64-redhat-linux-gnu

R is free software and comes with ABSOLUTELY NO WARRANTY.
You are welcome to redistribute it under certain conditions.
Type 'license()' or 'licence()' for distribution details.

R is a collaborative project with many contributors.
Type 'contributors()' for more information and
'citation()' on how to cite R or R packages in publications.

Type 'demo()' for some demos, 'help()' for on-line help, or
'help.start()' for an HTML browser interface to help.
Type 'q()' to quit R.

Online License checked out Mon Mar 10 16:53:53 2025
[Previously saved workspace restored]

> # Multi-Trait Multi-Environment models ----
> # This script fits Multi-Trait Multi-Environment models
> 
> # Clean workspace
> rm(list = objects())  # Removes all objects from the environment.
> 
> # Packages ----
> library(tidyverse) # R packages for data science.
── Attaching core tidyverse packages ──────────────────────── tidyverse 2.0.0 ──
✔ dplyr     1.1.4     ✔ readr     2.1.5
✔ forcats   1.0.0     ✔ stringr   1.5.1
✔ ggplot2   3.5.1     ✔ tibble    3.2.1
✔ lubridate 1.9.4     ✔ tidyr     1.3.1
✔ purrr     1.0.2     
── Conflicts ────────────────────────────────────────── tidyverse_conflicts() ──
✖ dplyr::filter() masks stats::filter()
✖ dplyr::lag()    masks stats::lag()
ℹ Use the conflicted package (<http://conflicted.r-lib.org/>) to force all conflicts to become errors
> library(asreml) # ASReml-R package.
Loading required package: Matrix

Attaching package: ‘Matrix’

The following objects are masked from ‘package:tidyr’:

    expand, pack, unpack

Loading ASReml-R version 4.2

> source('Functions_MTME.R')  # Load functions
> 
> # Use for HPC only
> setwd('~/MTME_ILWheat/')
> 
> # Load data ----
> ## Pheno & Ginv
> load('Data/ILYT_Pheno-Gmatrix.RData')
> 
> # Create columns for each nlevels(Trait) within each Env
> ILYT_PhenoTr <- ILYT_Pheno |>
+   # Create a unique identifier 'IDEU' for each experimental unit using Env, Col, and Row
+   mutate(IDEU = paste(Env,Col,Row,sep = '-'), IDEU = as.factor(IDEU)) |>
+   group_by(Env) |>
+   mutate(nTrait = length(unique(Trait))) |>
+   # Create new columns (Tr2 to Tr5) based on the number of traits present in each 'Env'
+   mutate(Tr2 = ifelse(nTrait==2,as.character(Trait),NA), Tr2 = as.factor(Tr2),
+          Tr3 = ifelse(nTrait==3,as.character(Trait),NA), Tr3 = as.factor(Tr3),
+          Tr4 = ifelse(nTrait==4,as.character(Trait),NA), Tr4 = as.factor(Tr4),
+          Tr5 = ifelse(nTrait==5,as.character(Trait),NA), Tr5 = as.factor(Tr5)) |>
+   ungroup() |>
+   droplevels() |>
+   arrange(IDEU, TraitEnv) |>
+   glimpse()
Rows: 38,792
Columns: 24
$ Pheno      <dbl> 78.59641, 59.26283, 81.92365, 60.64956, 70.60811, 58.16354,…
$ Pheno_SI   <dbl> 5285.68, 762.83, 5509.44, 780.68, 4748.46, 748.68, 5381.87,…
$ Pheno_z    <dbl> -1.09868454, -0.09749654, -0.90053521, 0.32590315, -1.57441…
$ Pheno_std  <dbl> 0.7980023, 0.9930956, 0.8317844, 1.0163337, 0.7168959, 0.97…
$ Pheno_mean <dbl> 6526.3688, 766.9403, 6526.3688, 766.9403, 6526.3688, 766.94…
$ Pheno_sd   <dbl> 1129.24933, 42.15875, 1129.24933, 42.15875, 1129.24933, 42.…
$ TraitEnv   <fct> GY-22-Adv, TW-22-Adv, GY-22-Adv, TW-22-Adv, GY-22-Adv, TW-2…
$ Trait      <fct> GY, TW, GY, TW, GY, TW, GY, TW, GY, TW, GY, TW, GY, TW, GY,…
$ Env        <fct> 22-Adv, 22-Adv, 22-Adv, 22-Adv, 22-Adv, 22-Adv, 22-Adv, 22-…
$ Year       <fct> 2022, 2022, 2022, 2022, 2022, 2022, 2022, 2022, 2022, 2022,…
$ Loc        <fct> "Addieville, IL", "Addieville, IL", "Addieville, IL", "Addi…
$ Block      <fct> 1, 1, 2, 2, 1, 1, 2, 2, 1, 1, 2, 2, 1, 1, 2, 2, 1, 1, 2, 2,…
$ Col        <fct> 1, 1, 1, 1, 1, 1, 1, 1, 1, 1, 1, 1, 1, 1, 1, 1, 1, 1, 1, 1,…
$ Row        <fct> 1, 1, 10, 10, 11, 11, 12, 12, 13, 13, 14, 14, 15, 15, 16, 1…
$ Plot       <fct> 1, 1, 10, 10, 11, 11, 12, 12, 13, 13, 14, 14, 15, 15, 16, 1…
$ IDEU       <fct> 22-Adv-1-1, 22-Adv-1-1, 22-Adv-1-10, 22-Adv-1-10, 22-Adv-1-…
$ Gen        <fct> 2020-5361, 2020-5361, 19-25245, 19-25245, 2020-13223, 2020-…
$ Gkeep      <fct> 2020-5361, 2020-5361, 19-25245, 19-25245, 2020-13223, 2020-…
$ Gdrop      <fct> NA, NA, NA, NA, NA, NA, NA, NA, NA, NA, NA, NA, NA, NA, NA,…
$ nTrait     <int> 2, 2, 2, 2, 2, 2, 2, 2, 2, 2, 2, 2, 2, 2, 2, 2, 2, 2, 2, 2,…
$ Tr2        <fct> GY, TW, GY, TW, GY, TW, GY, TW, GY, TW, GY, TW, GY, TW, GY,…
$ Tr3        <fct> NA, NA, NA, NA, NA, NA, NA, NA, NA, NA, NA, NA, NA, NA, NA,…
$ Tr4        <fct> NA, NA, NA, NA, NA, NA, NA, NA, NA, NA, NA, NA, NA, NA, NA,…
$ Tr5        <fct> NA, NA, NA, NA, NA, NA, NA, NA, NA, NA, NA, NA, NA, NA, NA,…
> 
> # Create vectors with the unique environments included in each of the Tr2:Tr5 columns
> tr2 <- ILYT_PhenoTr |> filter(!is.na(Tr2)) |> droplevels() |> group_by(Env) |>
+   summarise(Env = unique(Env)) |> pull(Env); tr2
[1] 22-Adv 22-Stp 23-Adv 24-Adv 24-Stp
Levels: 22-Adv 22-Stp 23-Adv 24-Adv 24-Stp
> tr3 <- ILYT_PhenoTr |> filter(!is.na(Tr3)) |> droplevels() |> group_by(Env) |>
+   summarise(Env = unique(Env)) |> pull(Env); tr3
[1] 23-Stp
Levels: 23-Stp
> tr4 <- ILYT_PhenoTr |> filter(!is.na(Tr4)) |> droplevels() |> group_by(Env) |>
+   summarise(Env = unique(Env)) |> pull(Env); tr4
[1] 22-Neo 22-Urb 23-Neo 24-Neo
Levels: 22-Neo 22-Urb 23-Neo 24-Neo
> tr5 <- ILYT_PhenoTr |> filter(!is.na(Tr5)) |> droplevels() |> group_by(Env) |>
+   summarise(Env = unique(Env)) |> pull(Env); tr5
[1] 23-Urb 24-Urb
Levels: 23-Urb 24-Urb
> 
> # Fit rr2ap1rc model ----
> k <- 2
> ## Run model ----
> MTME.z_rr2ap1rc.asr <- asreml(
+   Pheno_z ~ TraitEnv,
+   random = ~ rr(TraitEnv,2):vm(Gkeep, Ginv.sparse) + diag(TraitEnv):vm(Gkeep, Ginv.sparse) +
+     rr(TraitEnv,1):Gkeep + diag(TraitEnv):Gkeep +
+     diag(TraitEnv):Block +
+     at(TraitEnv):ar1v(Col):ar1(Row),
+   residual = ~ dsum(~ IDEU:corgh(Tr2) | Env, levels = tr2) +
+     dsum(~ IDEU:corgh(Tr3) | Env, levels = tr3) +
+     dsum(~ IDEU:corgh(Tr4) | Env, levels = tr4) +
+     dsum(~ IDEU:corgh(Tr5) | Env, levels = tr5),
+   sparse = ~ TraitEnv:Gdrop,
+   data = ILYT_PhenoTr,
+   na.action = na.method(x = 'include'),
+   maxit = 13,
+   workspace = '36gb'
+ )
Warning messages:
1: In asreml(Pheno_z ~ TraitEnv, random = ~rr(TraitEnv, 2):vm(Gkeep,  :
  Log-likelihood not converged
2: In asreml(Pheno_z ~ TraitEnv, random = ~rr(TraitEnv, 2):vm(Gkeep,  :
  Some components changed by more than 1% on the last iteration
> 
> # Print model info
> print(paste('convergence =', MTME.z_rr2ap1rc.asr$converge))
[1] "convergence = FALSE"
> MTME.z_rr2ap1rc.asr$trace |>
+   as.data.frame() |> rownames_to_column('Iteration') |>
+   filter(Iteration=='LogLik') |> print()
  Iteration        1        2        3        4        5        6        7
1    LogLik 8933.881 12904.53 13804.53 15366.36 16479.76 17318.23 17986.69
         8        9       10      11       12       13       14
1 18500.94 18889.67 19198.37 19449.1 19627.28 19856.68 19856.68
> 
> # Save
> save.image('Data/MTME.z_rr2ap1rc.RData')
> 
> # Update model ----
> MTME.z_rr2ap1rc.asr <- update_asreml(MTME.z_rr2ap1rc.asr, 
+                                  max_updates = 50,
+                                  save_path = 'Data/MTME.z_rr2ap1rc.RData')
[1] "Update 1"
[1] "Convergence = FALSE"
  Iteration        1        2        3       4        5        6        7
1    LogLik 20030.04 20083.01 20145.61 20182.7 20205.97 20223.06 20235.55
         8        9       10       11      12       13       14
1 20243.89 20253.87 20259.89 20264.57 20268.6 20271.56 20271.56
[1] "Update 2"
[1] "Convergence = FALSE"
  Iteration        1        2        3        4        5        6        7
1    LogLik 20273.96 20274.63 20275.94 20277.23 20278.53 20279.94 20281.31
         8        9       10       11       12       13       14
1 20282.59 20283.72 20285.08 20286.57 20287.75 20288.62 20288.62
[1] "Update 3"
[1] "Convergence = FALSE"
  Iteration        1        2        3        4        5        6        7
1    LogLik 20289.55 20289.86 20290.71 20291.67 20292.67 20293.64 20294.57
         8        9       10       11      12       13       14
1 20295.43 20296.23 20296.98 20297.66 20298.3 20298.89 20298.89
[1] "Update 4"
[1] "Convergence = FALSE"
  Iteration        1        2        3       4        5        6        7
1    LogLik 20299.43 20299.54 20299.93 20300.3 20300.65 20300.98 20301.28
         8        9       10       11       12       13       14
1 20301.56 20301.82 20302.05 20302.27 20302.46 20302.64 20302.64
[1] "Update 5"
[1] "Convergence = FALSE"
  Iteration       1        2        3        4        5        6        7
1    LogLik 20302.8 20302.84 20302.95 20303.07 20303.17 20303.27 20303.36
         8        9       10       11      12       13       14
1 20303.44 20303.51 20303.58 20303.64 20303.7 20303.75 20303.75
[1] "Update 6"
[1] "Convergence = FALSE"
  Iteration       1        2        3        4       5        6        7
1    LogLik 20303.8 20303.81 20303.84 20303.87 20303.9 20303.93 20303.96
         8     9       10       11       12       13       14
1 20303.98 20304 20304.02 20304.04 20304.05 20304.07 20304.07
[1] "Update 7"
[1] "Convergence = FALSE"
  Iteration        1        2        3       4        5        6        7
1    LogLik 20304.08 20304.08 20304.09 20304.1 20304.11 20304.12 20304.13
         8        9       10       11       12       13       14
1 20304.13 20304.14 20304.14 20304.15 20304.15 20304.16 20304.16
[1] "Update 8"
[1] "Convergence = TRUE"
  Iteration        1        2        3
1    LogLik 20304.16 20304.16 20304.16
[1] "Model successfully converged!"
There were 15 warnings (use warnings() to see them)
> 
> # Save
> save.image('Data/MTME.z_rr2ap1rc.RData')
> 
> proc.time()
     user    system   elapsed 
249931.87  11595.93  95143.79 
