
R version 4.4.2 (2024-10-31) -- "Pile of Leaves"
Copyright (C) 2024 The R Foundation for Statistical Computing
Platform: x86_64-redhat-linux-gnu

R is free software and comes with ABSOLUTELY NO WARRANTY.
You are welcome to redistribute it under certain conditions.
Type 'license()' or 'licence()' for distribution details.

R is a collaborative project with many contributors.
Type 'contributors()' for more information and
'citation()' on how to cite R or R packages in publications.

Type 'demo()' for some demos, 'help()' for on-line help, or
'help.start()' for an HTML browser interface to help.
Type 'q()' to quit R.

Online License checked out Tue Feb 25 17:12:42 2025
[Previously saved workspace restored]

> # Multi-Trait Multi-Environment models ----
> # This script fits Multi-Trait Multi-Environment models
> 
> # Clean workspace
> rm(list = objects())  # Removes all objects from the environment.
> 
> # Packages ----
> library(tidyverse) # R packages for data science.
── Attaching core tidyverse packages ──────────────────────── tidyverse 2.0.0 ──
✔ dplyr     1.1.4     ✔ readr     2.1.5
✔ forcats   1.0.0     ✔ stringr   1.5.1
✔ ggplot2   3.5.1     ✔ tibble    3.2.1
✔ lubridate 1.9.4     ✔ tidyr     1.3.1
✔ purrr     1.0.2     
── Conflicts ────────────────────────────────────────── tidyverse_conflicts() ──
✖ dplyr::filter() masks stats::filter()
✖ dplyr::lag()    masks stats::lag()
ℹ Use the conflicted package (<http://conflicted.r-lib.org/>) to force all conflicts to become errors
> library(asreml) # ASReml-R package.
Loading required package: Matrix

Attaching package: ‘Matrix’

The following objects are masked from ‘package:tidyr’:

    expand, pack, unpack

Loading ASReml-R version 4.2

> source("Functions_MTME.R")  # Load functions
> 
> # Use for HPC only
> setwd('~/MTME_ILWheat/')
> 
> # Load data ----
> ## Pheno & Ginv
> load('Data/ILYT_Pheno-Gmatrix.RData')
> 
> # Fit rr5a model ----
> k <- 5
> ## Run model ----
> MTME.z_rr5a.asr <- asreml(
+   Pheno_z ~ TraitEnv,
+   random = ~ rr(TraitEnv,5):vm(Gkeep, Ginv.sparse) + diag(TraitEnv):vm(Gkeep, Ginv.sparse),
+   residual = ~ dsum(~ ar1(Col):ar1(Row) | TraitEnv),
+   sparse = ~ TraitEnv:Gdrop,
+   data = ILYT_Pheno,
+   na.action = na.method(x = 'include'),
+   maxit = 13,
+   workspace = '96gb'
+ )
Warning messages:
1: In asreml(Pheno_z ~ TraitEnv, random = ~rr(TraitEnv, 5):vm(Gkeep,  :
  Log-likelihood not converged
2: In asreml(Pheno_z ~ TraitEnv, random = ~rr(TraitEnv, 5):vm(Gkeep,  :
  Some components changed by more than 1% on the last iteration
> 
> # Print model info
> print(paste('convergence =', MTME.z_rr5a.asr$converge))
[1] "convergence = FALSE"
> MTME.z_rr5a.asr$trace |>
+   as.data.frame() |> rownames_to_column('Iteration') |>
+   filter(Iteration=='LogLik') |> print()
  Iteration        1        2        3        4        5        6        7
1    LogLik 8836.478 12626.31 15043.41 16217.26 17088.79 17558.15 17855.67
         8        9       10       11       12       13       14
1 18036.73 18189.35 18283.12 18331.97 18382.12 18418.77 18418.77
> 
> # Save
> save.image('Data/MTME.z_rr5a.RData')
> 
> # Update model ----
> MTME.z_rr5a.asr <- update_asreml(MTME.z_rr5a.asr, 
+                                  max_updates = 20,
+                                  save_path = "Data/MTME.z_rr5a.RData")
[1] "Update 1"
[1] "Convergence = FALSE"
  Iteration        1        2       3        4        5        6        7
1    LogLik 18445.36 18460.08 18477.7 18499.77 18514.04 18526.58 18535.05
         8        9       10       11       12       13       14
1 18540.75 18544.94 18548.96 18552.63 18555.37 18558.58 18558.58
[1] "Update 2"
[1] "Convergence = FALSE"
  Iteration        1        2       3        4        5        6        7
1    LogLik 18561.16 18562.32 18563.7 18565.59 18568.22 18569.61 18570.61
         8       9       10       11       12       13       14
1 18571.43 18572.1 18572.69 18573.21 18573.98 18574.44 18574.44
[1] "Update 3"
[1] "Convergence = FALSE"
  Iteration        1        2        3        4        5        6        7
1    LogLik 18574.78 18574.94 18575.27 18575.75 18576.01 18576.41 18576.61
         8        9       10       11       12       13       14
1 18576.93 18577.38 18577.54 18577.81 18577.94 18578.15 18578.15
[1] "Update 4"
[1] "Convergence = FALSE"
  Iteration        1        2        3        4        5        6       7
1    LogLik 18578.47 18578.51 18578.75 18579.11 18579.55 18579.65 18579.8
         8        9       10       11       12       13       14
1 18580.05 18580.38 18580.84 18581.35 18581.43 18581.51 18581.51
[1] "Update 5"
[1] "Convergence = FALSE"
  Iteration        1        2        3        4        5        6        7
1    LogLik 18581.61 18581.62 18581.69 18581.77 18581.88 18582.05 18582.27
         8       9       10       11       12       13       14
1 18582.57 18582.6 18582.63 18582.67 18582.73 18582.83 18582.83
[1] "Update 6"
[1] "Convergence = FALSE"
  Iteration        1        2        3       4        5        6        7
1    LogLik 18583.03 18583.03 18583.06 18583.1 18583.16 18583.29 18583.51
         8        9       10       11       12       13       14
1 18583.91 18583.95 18583.99 18584.06 18584.15 18584.34 18584.34
[1] "Update 7"
[1] "Convergence = FALSE"
  Iteration        1        2        3        4       5        6        7
1    LogLik 18584.37 18584.37 18584.42 18584.49 18584.6 18584.62 18584.66
         8        9       10       11       12      13      14
1 18584.74 18584.87 18585.12 18585.15 18585.21 18585.3 18585.3
[1] "Update 8"
[1] "Convergence = FALSE"
  Iteration        1        2        3        4        5        6        7
1    LogLik 18585.45 18585.46 18585.52 18585.62 18585.78 18585.81 18585.87
         8        9      10       11       12       13       14
1 18585.98 18586.15 18586.5 18586.54 18586.62 18586.75 18586.75
[1] "Update 9"
[1] "Convergence = FALSE"
  Iteration        1        2        3        4        5        6        7
1    LogLik 18586.94 18586.96 18587.04 18587.18 18587.38 18587.78 18587.83
         8        9       10       11      12       13       14
1 18587.92 18588.07 18588.29 18588.33 18588.4 18588.55 18588.55
[1] "Update 10"
[1] "Convergence = FALSE"
  Iteration        1        2        3        4        5        6        7
1    LogLik 18588.77 18588.78 18588.87 18589.01 18589.23 18589.27 18589.34
         8        9       10       11       12       13       14
1 18589.48 18589.68 18589.72 18589.79 18589.92 18590.11 18590.11
[1] "Update 11"
[1] "Convergence = FALSE"
  Iteration        1        2        3        4        5        6        7
1    LogLik 18590.15 18590.16 18590.24 18590.36 18590.53 18590.84 18590.88
         8        9       10      11       12       13       14
1 18590.94 18591.04 18591.18 18591.2 18591.25 18591.33 18591.33
[1] "Update 12"
[1] "Convergence = FALSE"
  Iteration        1        2        3        4        5        6        7
1    LogLik 18591.45 18591.46 18591.51 18591.58 18591.68 18591.86 18591.88
         8        9       10       11       12       13       14
1 18591.91 18591.96 18592.03 18592.15 18592.31 18592.47 18592.47
[1] "Update 13"
[1] "Convergence = FALSE"
  Iteration        1        2       3        4        5        6        7
1    LogLik 18592.59 18592.59 18592.6 18592.61 18592.62 18592.64 18592.66
         8        9       10       11       12       13       14
1 18592.69 18592.71 18592.73 18592.74 18592.75 18592.76 18592.76
[1] "Update 14"
[1] "Convergence = TRUE"
  Iteration        1        2        3
1    LogLik 18592.76 18592.76 18592.76
[1] "Model successfully converged!"
There were 27 warnings (use warnings() to see them)
> 
> # Save
> save.image('Data/MTME.z_rr5a.RData')
> 
> proc.time()
      user     system    elapsed 
1517767.49   66839.17  478394.92 
