
R version 4.4.2 (2024-10-31) -- "Pile of Leaves"
Copyright (C) 2024 The R Foundation for Statistical Computing
Platform: x86_64-redhat-linux-gnu

R is free software and comes with ABSOLUTELY NO WARRANTY.
You are welcome to redistribute it under certain conditions.
Type 'license()' or 'licence()' for distribution details.

R is a collaborative project with many contributors.
Type 'contributors()' for more information and
'citation()' on how to cite R or R packages in publications.

Type 'demo()' for some demos, 'help()' for on-line help, or
'help.start()' for an HTML browser interface to help.
Type 'q()' to quit R.

Online License checked out Tue Mar 11 16:37:36 2025
[Previously saved workspace restored]

> # Multi-Trait Multi-Environment models ----
> # This script fits Multi-Trait Multi-Environment models
> 
> # Clean workspace
> rm(list = objects())  # Removes all objects from the environment.
> 
> # Packages ----
> library(tidyverse) # R packages for data science.
── Attaching core tidyverse packages ──────────────────────── tidyverse 2.0.0 ──
✔ dplyr     1.1.4     ✔ readr     2.1.5
✔ forcats   1.0.0     ✔ stringr   1.5.1
✔ ggplot2   3.5.1     ✔ tibble    3.2.1
✔ lubridate 1.9.4     ✔ tidyr     1.3.1
✔ purrr     1.0.2     
── Conflicts ────────────────────────────────────────── tidyverse_conflicts() ──
✖ dplyr::filter() masks stats::filter()
✖ dplyr::lag()    masks stats::lag()
ℹ Use the conflicted package (<http://conflicted.r-lib.org/>) to force all conflicts to become errors
> library(asreml) # ASReml-R package.
Loading required package: Matrix

Attaching package: ‘Matrix’

The following objects are masked from ‘package:tidyr’:

    expand, pack, unpack

Loading ASReml-R version 4.2

> source('Functions_MTME.R')  # Load functions
> 
> # Use for HPC only
> setwd('~/MTME_ILWheat/')
> 
> # Load data ----
> ## Pheno & Ginv
> load('Data/ILYT_Pheno-Gmatrix.RData')
> 
> # Create columns for each nlevels(Trait) within each Env
> ILYT_PhenoTr <- ILYT_Pheno |>
+   # Create a unique identifier 'IDEU' for each experimental unit using Env, Col, and Row
+   mutate(IDEU = paste(Env,Col,Row,sep = '-'), IDEU = as.factor(IDEU)) |>
+   group_by(Env) |>
+   mutate(nTrait = length(unique(Trait))) |>
+   # Create new columns (Tr2 to Tr5) based on the number of traits present in each 'Env'
+   mutate(Tr2 = ifelse(nTrait==2,as.character(Trait),NA), Tr2 = as.factor(Tr2),
+          Tr3 = ifelse(nTrait==3,as.character(Trait),NA), Tr3 = as.factor(Tr3),
+          Tr4 = ifelse(nTrait==4,as.character(Trait),NA), Tr4 = as.factor(Tr4),
+          Tr5 = ifelse(nTrait==5,as.character(Trait),NA), Tr5 = as.factor(Tr5)) |>
+   ungroup() |>
+   droplevels() |>
+   arrange(IDEU, TraitEnv) |>
+   glimpse()
Rows: 38,792
Columns: 24
$ Pheno      <dbl> 78.59641, 59.26283, 81.92365, 60.64956, 70.60811, 58.16354,…
$ Pheno_SI   <dbl> 5285.68, 762.83, 5509.44, 780.68, 4748.46, 748.68, 5381.87,…
$ Pheno_z    <dbl> -1.09868454, -0.09749654, -0.90053521, 0.32590315, -1.57441…
$ Pheno_std  <dbl> 0.7980023, 0.9930956, 0.8317844, 1.0163337, 0.7168959, 0.97…
$ Pheno_mean <dbl> 6526.3688, 766.9403, 6526.3688, 766.9403, 6526.3688, 766.94…
$ Pheno_sd   <dbl> 1129.24933, 42.15875, 1129.24933, 42.15875, 1129.24933, 42.…
$ TraitEnv   <fct> GY-22-Adv, TW-22-Adv, GY-22-Adv, TW-22-Adv, GY-22-Adv, TW-2…
$ Trait      <fct> GY, TW, GY, TW, GY, TW, GY, TW, GY, TW, GY, TW, GY, TW, GY,…
$ Env        <fct> 22-Adv, 22-Adv, 22-Adv, 22-Adv, 22-Adv, 22-Adv, 22-Adv, 22-…
$ Year       <fct> 2022, 2022, 2022, 2022, 2022, 2022, 2022, 2022, 2022, 2022,…
$ Loc        <fct> "Addieville, IL", "Addieville, IL", "Addieville, IL", "Addi…
$ Block      <fct> 1, 1, 2, 2, 1, 1, 2, 2, 1, 1, 2, 2, 1, 1, 2, 2, 1, 1, 2, 2,…
$ Col        <fct> 1, 1, 1, 1, 1, 1, 1, 1, 1, 1, 1, 1, 1, 1, 1, 1, 1, 1, 1, 1,…
$ Row        <fct> 1, 1, 10, 10, 11, 11, 12, 12, 13, 13, 14, 14, 15, 15, 16, 1…
$ Plot       <fct> 1, 1, 10, 10, 11, 11, 12, 12, 13, 13, 14, 14, 15, 15, 16, 1…
$ IDEU       <fct> 22-Adv-1-1, 22-Adv-1-1, 22-Adv-1-10, 22-Adv-1-10, 22-Adv-1-…
$ Gen        <fct> 2020-5361, 2020-5361, 19-25245, 19-25245, 2020-13223, 2020-…
$ Gkeep      <fct> 2020-5361, 2020-5361, 19-25245, 19-25245, 2020-13223, 2020-…
$ Gdrop      <fct> NA, NA, NA, NA, NA, NA, NA, NA, NA, NA, NA, NA, NA, NA, NA,…
$ nTrait     <int> 2, 2, 2, 2, 2, 2, 2, 2, 2, 2, 2, 2, 2, 2, 2, 2, 2, 2, 2, 2,…
$ Tr2        <fct> GY, TW, GY, TW, GY, TW, GY, TW, GY, TW, GY, TW, GY, TW, GY,…
$ Tr3        <fct> NA, NA, NA, NA, NA, NA, NA, NA, NA, NA, NA, NA, NA, NA, NA,…
$ Tr4        <fct> NA, NA, NA, NA, NA, NA, NA, NA, NA, NA, NA, NA, NA, NA, NA,…
$ Tr5        <fct> NA, NA, NA, NA, NA, NA, NA, NA, NA, NA, NA, NA, NA, NA, NA,…
> 
> # Create vectors with the unique environments included in each of the Tr2:Tr5 columns
> tr2 <- ILYT_PhenoTr |> filter(!is.na(Tr2)) |> droplevels() |> group_by(Env) |>
+   summarise(Env = unique(Env)) |> pull(Env); tr2
[1] 22-Adv 22-Stp 23-Adv 24-Adv 24-Stp
Levels: 22-Adv 22-Stp 23-Adv 24-Adv 24-Stp
> tr3 <- ILYT_PhenoTr |> filter(!is.na(Tr3)) |> droplevels() |> group_by(Env) |>
+   summarise(Env = unique(Env)) |> pull(Env); tr3
[1] 23-Stp
Levels: 23-Stp
> tr4 <- ILYT_PhenoTr |> filter(!is.na(Tr4)) |> droplevels() |> group_by(Env) |>
+   summarise(Env = unique(Env)) |> pull(Env); tr4
[1] 22-Neo 22-Urb 23-Neo 24-Neo
Levels: 22-Neo 22-Urb 23-Neo 24-Neo
> tr5 <- ILYT_PhenoTr |> filter(!is.na(Tr5)) |> droplevels() |> group_by(Env) |>
+   summarise(Env = unique(Env)) |> pull(Env); tr5
[1] 23-Urb 24-Urb
Levels: 23-Urb 24-Urb
> 
> # Fit rr6ap1rc model ----
> k <- 6
> ## Run model ----
> MTME.z_rr6ap1rc.asr <- asreml(
+   Pheno_z ~ TraitEnv,
+   random = ~ rr(TraitEnv,6):vm(Gkeep, Ginv.sparse) + diag(TraitEnv):vm(Gkeep, Ginv.sparse) +
+     rr(TraitEnv,1):Gkeep + diag(TraitEnv):Gkeep +
+     diag(TraitEnv):Block +
+     at(TraitEnv):ar1v(Col):ar1(Row),
+   residual = ~ dsum(~ IDEU:corgh(Tr2) | Env, levels = tr2) +
+     dsum(~ IDEU:corgh(Tr3) | Env, levels = tr3) +
+     dsum(~ IDEU:corgh(Tr4) | Env, levels = tr4) +
+     dsum(~ IDEU:corgh(Tr5) | Env, levels = tr5),
+   sparse = ~ TraitEnv:Gdrop,
+   data = ILYT_PhenoTr,
+   na.action = na.method(x = 'include'),
+   maxit = 13,
+   workspace = '96gb'
+ )
Notice  : There is no Variance: Job may fail.
Notice  : There is no Variance: Job may fail.
Notice  : There is no Variance: Job may fail.
Notice  : There is no Variance: Job may fail.
Notice  : There is no Variance: Job may fail.
Notice  : There is no Variance: Job may fail.
Notice  : There is no Variance: Job may fail.
Notice  : There is no Variance: Job may fail.
Notice  : There is no Variance: Job may fail.
Notice  : There is no Variance: Job may fail.
Notice  : There is no Variance: Job may fail.
Warning messages:
1: In asreml(Pheno_z ~ TraitEnv, random = ~rr(TraitEnv, 6):vm(Gkeep,  :
  Log-likelihood not converged
2: In asreml(Pheno_z ~ TraitEnv, random = ~rr(TraitEnv, 6):vm(Gkeep,  :
  Some components changed by more than 1% on the last iteration
> 
> # Print model info
> print(paste('convergence =', MTME.z_rr6ap1rc.asr$converge))
[1] "convergence = FALSE"
> MTME.z_rr6ap1rc.asr$trace |>
+   as.data.frame() |> rownames_to_column('Iteration') |>
+   filter(Iteration=='LogLik') |> print()
  Iteration        1        2        3        4        5        6        7
1    LogLik 7155.589 12534.89 13194.44 15191.19 16756.86 17935.34 19287.73
         8        9       10       11       12       13       14
1 19998.45 20329.57 20589.67 20811.23 20921.99 20984.28 20984.28
> 
> # Save
> save.image('Data/MTME.z_rr6ap1rc.RData')
> 
> # Update model ----
> MTME.z_rr6ap1rc.asr <- update_asreml(MTME.z_rr6ap1rc.asr, 
+                                  max_updates = 50,
+                                  save_path = 'Data/MTME.z_rr6ap1rc.RData')
Notice  : There is no Variance: Job may fail.
Notice  : There is no Variance: Job may fail.
Notice  : There is no Variance: Job may fail.
Notice  : There is no Variance: Job may fail.
Notice  : There is no Variance: Job may fail.
Notice  : There is no Variance: Job may fail.
Notice  : There is no Variance: Job may fail.
Notice  : There is no Variance: Job may fail.
Notice  : There is no Variance: Job may fail.
Notice  : There is no Variance: Job may fail.
Notice  : There is no Variance: Job may fail.
Notice  : There is no Variance: Job may fail.
Notice  : There is no Variance: Job may fail.
Notice  : There is no Variance: Job may fail.
[1] "Update 1"
[1] "Convergence = FALSE"
  Iteration        1        2        3        4        5        6        7
1    LogLik 21028.45 21048.82 21075.81 21103.08 21122.83 21136.83 21137.66
         8       9       10       11       12       13       14
1 21139.49 21146.8 21155.09 21165.83 21178.33 21187.31 21187.31
Notice  : There is no Variance: Job may fail.
Notice  : There is no Variance: Job may fail.
Notice  : There is no Variance: Job may fail.
Notice  : There is no Variance: Job may fail.
Notice  : There is no Variance: Job may fail.
Notice  : There is no Variance: Job may fail.
Notice  : There is no Variance: Job may fail.
Notice  : There is no Variance: Job may fail.
Notice  : There is no Variance: Job may fail.
Notice  : There is no Variance: Job may fail.
Notice  : There is no Variance: Job may fail.
Notice  : There is no Variance: Job may fail.
Notice  : There is no Variance: Job may fail.
[1] "Update 2"
[1] "Convergence = FALSE"
  Iteration        1        2        3        4        5        6        7
1    LogLik 21195.76 21200.16 21207.59 21125.15 21173.96 21163.13 21189.23
         8        9       10       11       12       13       14
1 21211.13 21225.27 21233.17 21237.33 21243.06 21247.54 21247.54
Notice  : There is no Variance: Job may fail.
Notice  : There is no Variance: Job may fail.
Notice  : There is no Variance: Job may fail.
Notice  : There is no Variance: Job may fail.
Notice  : There is no Variance: Job may fail.
Notice  : There is no Variance: Job may fail.
Notice  : There is no Variance: Job may fail.
Notice  : There is no Variance: Job may fail.
Notice  : There is no Variance: Job may fail.
Notice  : There is no Variance: Job may fail.
Notice  : There is no Variance: Job may fail.
Notice  : There is no Variance: Job may fail.
Notice  : There is no Variance: Job may fail.
[1] "Update 3"
[1] "Convergence = FALSE"
  Iteration        1        2        3        4        5        6       7
1    LogLik 21252.77 21254.59 21258.15 21200.02 21215.41 21162.95 21168.6
        8        9       10       11       12       13       14
1 21134.3 21200.34 21248.69 21270.52 21282.72 21287.44 21287.44
Notice  : There is no Variance: Job may fail.
Notice  : There is no Variance: Job may fail.
Notice  : There is no Variance: Job may fail.
Notice  : There is no Variance: Job may fail.
Notice  : There is no Variance: Job may fail.
Notice  : There is no Variance: Job may fail.
Notice  : There is no Variance: Job may fail.
Notice  : There is no Variance: Job may fail.
Notice  : There is no Variance: Job may fail.
Notice  : There is no Variance: Job may fail.
Notice  : There is no Variance: Job may fail.
Notice  : There is no Variance: Job may fail.
Notice  : There is no Variance: Job may fail.
[1] "Update 4"
[1] "Convergence = FALSE"
  Iteration        1        2       3        4       5        6        7
1    LogLik 21236.25 21244.31 21250.2 21256.27 21257.8 21259.98 21261.81
         8        9       10       11       12      13      14
1 21262.59 21263.98 21265.76 21268.53 21267.54 21269.2 21269.2
Notice  : There is no Variance: Job may fail.
Notice  : There is no Variance: Job may fail.
Notice  : There is no Variance: Job may fail.
Notice  : There is no Variance: Job may fail.
Notice  : There is no Variance: Job may fail.
Notice  : There is no Variance: Job may fail.
Notice  : There is no Variance: Job may fail.
Notice  : There is no Variance: Job may fail.
Notice  : There is no Variance: Job may fail.
Notice  : There is no Variance: Job may fail.
Notice  : There is no Variance: Job may fail.
Notice  : There is no Variance: Job may fail.
Notice  : There is no Variance: Job may fail.
[1] "Update 5"
[1] "Convergence = FALSE"
  Iteration        1        2        3       4        5        6        7
1    LogLik 21270.98 21268.98 21270.24 21269.7 21269.89 21271.32 21271.55
         8        9       10       11       12       13       14
1 21272.92 21272.82 21273.21 21274.13 21274.59 21275.89 21275.89
Notice  : There is no Variance: Job may fail.
Notice  : There is no Variance: Job may fail.
Notice  : There is no Variance: Job may fail.
Notice  : There is no Variance: Job may fail.
Notice  : There is no Variance: Job may fail.
Notice  : There is no Variance: Job may fail.
Notice  : There is no Variance: Job may fail.
Notice  : There is no Variance: Job may fail.
Notice  : There is no Variance: Job may fail.
Notice  : There is no Variance: Job may fail.
Notice  : There is no Variance: Job may fail.
Notice  : There is no Variance: Job may fail.
Notice  : There is no Variance: Job may fail.
[1] "Update 6"
[1] "Convergence = FALSE"
  Iteration        1        2        3        4        5        6        7
1    LogLik 21275.35 21274.97 21276.72 21275.62 21276.66 21276.23 21276.39
         8        9       10       11       12       13       14
1 21278.09 21278.01 21277.73 21277.77 21277.84 21278.48 21278.48
Notice  : There is no Variance: Job may fail.
Notice  : There is no Variance: Job may fail.
Notice  : There is no Variance: Job may fail.
Notice  : There is no Variance: Job may fail.
Notice  : There is no Variance: Job may fail.
Notice  : There is no Variance: Job may fail.
Notice  : There is no Variance: Job may fail.
Notice  : There is no Variance: Job may fail.
Notice  : There is no Variance: Job may fail.
Notice  : There is no Variance: Job may fail.
Notice  : There is no Variance: Job may fail.
Notice  : There is no Variance: Job may fail.
Notice  : There is no Variance: Job may fail.
[1] "Update 7"
[1] "Convergence = FALSE"
  Iteration        1        2        3        4        5        6        7
1    LogLik 21279.06 21278.81 21278.62 21279.28 21279.46 21279.52 21280.06
         8        9      10       11       12       13       14
1 21280.45 21280.61 21281.9 21280.86 21281.27 21280.76 21280.76
Notice  : There is no Variance: Job may fail.
Notice  : There is no Variance: Job may fail.
Notice  : There is no Variance: Job may fail.
Notice  : There is no Variance: Job may fail.
Notice  : There is no Variance: Job may fail.
Notice  : There is no Variance: Job may fail.
Notice  : There is no Variance: Job may fail.
Notice  : There is no Variance: Job may fail.
Notice  : There is no Variance: Job may fail.
Notice  : There is no Variance: Job may fail.
Notice  : There is no Variance: Job may fail.
Notice  : There is no Variance: Job may fail.
Notice  : There is no Variance: Job may fail.
[1] "Update 8"
[1] "Convergence = FALSE"
  Iteration        1        2        3        4     5        6        7
1    LogLik 21280.89 21281.06 21281.83 21281.99 21282 21281.63 21282.54
         8        9       10       11      12       13       14
1 21282.21 21282.42 21282.14 21282.29 21284.6 21282.07 21282.07
Notice  : There is no Variance: Job may fail.
Notice  : There is no Variance: Job may fail.
Notice  : There is no Variance: Job may fail.
Notice  : There is no Variance: Job may fail.
Notice  : There is no Variance: Job may fail.
Notice  : There is no Variance: Job may fail.
Notice  : There is no Variance: Job may fail.
Notice  : There is no Variance: Job may fail.
Notice  : There is no Variance: Job may fail.
Notice  : There is no Variance: Job may fail.
Notice  : There is no Variance: Job may fail.
Notice  : There is no Variance: Job may fail.
Notice  : There is no Variance: Job may fail.
[1] "Update 9"
[1] "Convergence = FALSE"
  Iteration        1        2        3        4        5        6        7
1    LogLik 21282.48 21282.16 21282.42 21283.35 21282.49 21282.45 21282.05
         8        9       10       11       12       13       14
1 21282.17 21283.32 21282.43 21282.37 21282.25 21282.52 21282.52
Notice  : There is no Variance: Job may fail.
Notice  : There is no Variance: Job may fail.
Notice  : There is no Variance: Job may fail.
Notice  : There is no Variance: Job may fail.
Notice  : There is no Variance: Job may fail.
Notice  : There is no Variance: Job may fail.
Notice  : There is no Variance: Job may fail.
Notice  : There is no Variance: Job may fail.
Notice  : There is no Variance: Job may fail.
Notice  : There is no Variance: Job may fail.
Notice  : There is no Variance: Job may fail.
Notice  : There is no Variance: Job may fail.
Notice  : There is no Variance: Job may fail.
[1] "Update 10"
[1] "Convergence = FALSE"
  Iteration        1        2        3        4        5       6        7
1    LogLik 21283.37 21282.64 21284.14 21282.64 21282.18 21282.5 21282.59
         8        9      10       11       12       13       14
1 21282.46 21283.77 21282.5 21282.72 21282.28 21283.03 21283.03
Notice  : There is no Variance: Job may fail.
Notice  : There is no Variance: Job may fail.
Notice  : There is no Variance: Job may fail.
Notice  : There is no Variance: Job may fail.
Notice  : There is no Variance: Job may fail.
Notice  : There is no Variance: Job may fail.
Notice  : There is no Variance: Job may fail.
Notice  : There is no Variance: Job may fail.
Notice  : There is no Variance: Job may fail.
Notice  : There is no Variance: Job may fail.
Notice  : There is no Variance: Job may fail.
Notice  : There is no Variance: Job may fail.
Notice  : There is no Variance: Job may fail.
[1] "Update 11"
[1] "Convergence = FALSE"
  Iteration        1        2        3        4       5        6        7
1    LogLik 21282.26 21282.76 21283.79 21283.93 21282.8 21282.92 21282.79
         8        9       10       11       12       13       14
1 21283.04 21283.04 21282.38 21282.84 21282.99 21283.93 21283.93
Notice  : There is no Variance: Job may fail.
Notice  : There is no Variance: Job may fail.
Notice  : There is no Variance: Job may fail.
Notice  : There is no Variance: Job may fail.
Notice  : There is no Variance: Job may fail.
Notice  : There is no Variance: Job may fail.
Notice  : There is no Variance: Job may fail.
Notice  : There is no Variance: Job may fail.
Notice  : There is no Variance: Job may fail.
Notice  : There is no Variance: Job may fail.
Notice  : There is no Variance: Job may fail.
Notice  : There is no Variance: Job may fail.
Notice  : There is no Variance: Job may fail.
[1] "Update 12"
[1] "Convergence = FALSE"
  Iteration        1       2        3        4        5        6       7
1    LogLik 21283.78 21283.1 21284.41 21283.32 21283.23 21283.15 21282.7
        8        9       10       11       12       13       14
1 21282.9 21283.55 21282.85 21283.16 21283.86 21283.24 21283.24
Notice  : There is no Variance: Job may fail.
Notice  : There is no Variance: Job may fail.
Notice  : There is no Variance: Job may fail.
Notice  : There is no Variance: Job may fail.
Notice  : There is no Variance: Job may fail.
Notice  : There is no Variance: Job may fail.
Notice  : There is no Variance: Job may fail.
Notice  : There is no Variance: Job may fail.
Notice  : There is no Variance: Job may fail.
Notice  : There is no Variance: Job may fail.
Notice  : There is no Variance: Job may fail.
Notice  : There is no Variance: Job may fail.
Notice  : There is no Variance: Job may fail.
[1] "Update 13"
[1] "Convergence = FALSE"
  Iteration       1        2        3        4       5        6        7
1    LogLik 21283.7 21283.38 21283.57 21283.24 21283.2 21283.24 21284.29
         8        9       10       11       12       13       14
1 21283.88 21282.92 21283.29 21283.69 21285.08 21284.21 21284.21
